Archive member included to satisfy reference by file (symbol)

d:/clion/arm gnu/12.3 rel1/bin/../lib/gcc/arm-none-eabi/12.3.1/thumb/v7-m/nofp\libg.a(libc_a-exit.o)
                              d:/clion/arm gnu/12.3 rel1/bin/../lib/gcc/arm-none-eabi/12.3.1/thumb/v7-m/nofp/crt0.o (exit)
d:/clion/arm gnu/12.3 rel1/bin/../lib/gcc/arm-none-eabi/12.3.1/thumb/v7-m/nofp\libg.a(libc_a-findfp.o)
                              d:/clion/arm gnu/12.3 rel1/bin/../lib/gcc/arm-none-eabi/12.3.1/thumb/v7-m/nofp\libg.a(libc_a-exit.o) (__stdio_exit_handler)
d:/clion/arm gnu/12.3 rel1/bin/../lib/gcc/arm-none-eabi/12.3.1/thumb/v7-m/nofp\libg.a(libc_a-fwalk.o)
                              d:/clion/arm gnu/12.3 rel1/bin/../lib/gcc/arm-none-eabi/12.3.1/thumb/v7-m/nofp\libg.a(libc_a-findfp.o) (_fwalk_sglue)
d:/clion/arm gnu/12.3 rel1/bin/../lib/gcc/arm-none-eabi/12.3.1/thumb/v7-m/nofp\libg.a(libc_a-stdio.o)
                              d:/clion/arm gnu/12.3 rel1/bin/../lib/gcc/arm-none-eabi/12.3.1/thumb/v7-m/nofp\libg.a(libc_a-findfp.o) (__sread)
d:/clion/arm gnu/12.3 rel1/bin/../lib/gcc/arm-none-eabi/12.3.1/thumb/v7-m/nofp\libg.a(libc_a-memset.o)
                              d:/clion/arm gnu/12.3 rel1/bin/../lib/gcc/arm-none-eabi/12.3.1/thumb/v7-m/nofp/crt0.o (memset)
d:/clion/arm gnu/12.3 rel1/bin/../lib/gcc/arm-none-eabi/12.3.1/thumb/v7-m/nofp\libg.a(libc_a-closer.o)
                              d:/clion/arm gnu/12.3 rel1/bin/../lib/gcc/arm-none-eabi/12.3.1/thumb/v7-m/nofp\libg.a(libc_a-stdio.o) (_close_r)
d:/clion/arm gnu/12.3 rel1/bin/../lib/gcc/arm-none-eabi/12.3.1/thumb/v7-m/nofp\libg.a(libc_a-reent.o)
                              d:/clion/arm gnu/12.3 rel1/bin/../lib/gcc/arm-none-eabi/12.3.1/thumb/v7-m/nofp\libg.a(libc_a-closer.o) (errno)
d:/clion/arm gnu/12.3 rel1/bin/../lib/gcc/arm-none-eabi/12.3.1/thumb/v7-m/nofp\libg.a(libc_a-impure.o)
                              d:/clion/arm gnu/12.3 rel1/bin/../lib/gcc/arm-none-eabi/12.3.1/thumb/v7-m/nofp\libg.a(libc_a-reent.o) (_impure_ptr)
d:/clion/arm gnu/12.3 rel1/bin/../lib/gcc/arm-none-eabi/12.3.1/thumb/v7-m/nofp\libg.a(libc_a-lseekr.o)
                              d:/clion/arm gnu/12.3 rel1/bin/../lib/gcc/arm-none-eabi/12.3.1/thumb/v7-m/nofp\libg.a(libc_a-stdio.o) (_lseek_r)
d:/clion/arm gnu/12.3 rel1/bin/../lib/gcc/arm-none-eabi/12.3.1/thumb/v7-m/nofp\libg.a(libc_a-readr.o)
                              d:/clion/arm gnu/12.3 rel1/bin/../lib/gcc/arm-none-eabi/12.3.1/thumb/v7-m/nofp\libg.a(libc_a-stdio.o) (_read_r)
d:/clion/arm gnu/12.3 rel1/bin/../lib/gcc/arm-none-eabi/12.3.1/thumb/v7-m/nofp\libg.a(libc_a-writer.o)
                              d:/clion/arm gnu/12.3 rel1/bin/../lib/gcc/arm-none-eabi/12.3.1/thumb/v7-m/nofp\libg.a(libc_a-stdio.o) (_write_r)
d:/clion/arm gnu/12.3 rel1/bin/../lib/gcc/arm-none-eabi/12.3.1/thumb/v7-m/nofp\libg.a(libc_a-errno.o)
                              CMakeFiles/5_17test.elf.dir/Core/Src/syscalls.c.obj (__errno)
d:/clion/arm gnu/12.3 rel1/bin/../lib/gcc/arm-none-eabi/12.3.1/thumb/v7-m/nofp\libg.a(libc_a-init.o)
                              d:/clion/arm gnu/12.3 rel1/bin/../lib/gcc/arm-none-eabi/12.3.1/thumb/v7-m/nofp/crt0.o (__libc_init_array)
d:/clion/arm gnu/12.3 rel1/bin/../lib/gcc/arm-none-eabi/12.3.1/thumb/v7-m/nofp\libg.a(libc_a-lock.o)
                              d:/clion/arm gnu/12.3 rel1/bin/../lib/gcc/arm-none-eabi/12.3.1/thumb/v7-m/nofp\libg.a(libc_a-findfp.o) (__retarget_lock_init_recursive)
d:/clion/arm gnu/12.3 rel1/bin/../lib/gcc/arm-none-eabi/12.3.1/thumb/v7-m/nofp\libg.a(libc_a-__call_atexit.o)
                              d:/clion/arm gnu/12.3 rel1/bin/../lib/gcc/arm-none-eabi/12.3.1/thumb/v7-m/nofp\libg.a(libc_a-exit.o) (__call_exitprocs)
d:/clion/arm gnu/12.3 rel1/bin/../lib/gcc/arm-none-eabi/12.3.1/thumb/v7-m/nofp\libg.a(libc_a-atexit.o)
                              d:/clion/arm gnu/12.3 rel1/bin/../lib/gcc/arm-none-eabi/12.3.1/thumb/v7-m/nofp\libg.a(libc_a-__call_atexit.o) (atexit)
d:/clion/arm gnu/12.3 rel1/bin/../lib/gcc/arm-none-eabi/12.3.1/thumb/v7-m/nofp\libg.a(libc_a-freer.o)
                              d:/clion/arm gnu/12.3 rel1/bin/../lib/gcc/arm-none-eabi/12.3.1/thumb/v7-m/nofp\libg.a(libc_a-reent.o) (_free_r)
d:/clion/arm gnu/12.3 rel1/bin/../lib/gcc/arm-none-eabi/12.3.1/thumb/v7-m/nofp\libg.a(libc_a-mallocr.o)
                              d:/clion/arm gnu/12.3 rel1/bin/../lib/gcc/arm-none-eabi/12.3.1/thumb/v7-m/nofp\libg.a(libc_a-findfp.o) (_malloc_r)
d:/clion/arm gnu/12.3 rel1/bin/../lib/gcc/arm-none-eabi/12.3.1/thumb/v7-m/nofp\libg.a(libc_a-mlock.o)
                              d:/clion/arm gnu/12.3 rel1/bin/../lib/gcc/arm-none-eabi/12.3.1/thumb/v7-m/nofp\libg.a(libc_a-freer.o) (__malloc_lock)
d:/clion/arm gnu/12.3 rel1/bin/../lib/gcc/arm-none-eabi/12.3.1/thumb/v7-m/nofp\libg.a(libc_a-fclose.o)
                              d:/clion/arm gnu/12.3 rel1/bin/../lib/gcc/arm-none-eabi/12.3.1/thumb/v7-m/nofp\libg.a(libc_a-findfp.o) (_fclose_r)
[...]
Memory Configuration

Name             Origin             Length             Attributes
RAM              0x20000000         0x00005000         xrw
FLASH            0x08000000         0x00010000         xr
*default*        0x00000000         0xffffffff

Linker script and memory map

LOAD d:/clion/arm gnu/12.3 rel1/bin/../lib/gcc/arm-none-eabi/12.3.1/thumb/v7-m/nofp/crti.o
LOAD d:/clion/arm gnu/12.3 rel1/bin/../lib/gcc/arm-none-eabi/12.3.1/thumb/v7-m/nofp/crtbegin.o
LOAD d:/clion/arm gnu/12.3 rel1/bin/../lib/gcc/arm-none-eabi/12.3.1/thumb/v7-m/nofp/crt0.o
LOAD CMakeFiles/5_17test.elf.dir/Core/Src/gpio.c.obj
LOAD CMakeFiles/5_17test.elf.dir/Core/Src/main.c.obj
LOAD CMakeFiles/5_17test.elf.dir/Core/Src/stm32f1xx_hal_msp.c.obj
LOAD CMakeFiles/5_17test.elf.dir/Core/Src/stm32f1xx_it.c.obj
LOAD CMakeFiles/5_17test.elf.dir/Core/Src/syscalls.c.obj
LOAD CMakeFiles/5_17test.elf.dir/Core/Src/sysmem.c.obj
LOAD CMakeFiles/5_17test.elf.dir/Core/Src/system_stm32f1xx.c.obj
LOAD CMakeFiles/5_17test.elf.dir/Core/Src/tim.c.obj
LOAD CMakeFiles/5_17test.elf.dir/Core/Src/usart.c.obj
LOAD CMakeFiles/5_17test.elf.dir/Core/Startup/startup_stm32f103c8tx.s.obj
LOAD CMakeFiles/5_17test.elf.dir/Drivers/STM32F1xx_HAL_Driver/Src/stm32f1xx_hal.c.obj
LOAD CMakeFiles/5_17test.elf.dir/Drivers/STM32F1xx_HAL_Driver/Src/stm32f1xx_hal_cortex.c.obj
LOAD CMakeFiles/5_17test.elf.dir/Drivers/STM32F1xx_HAL_Driver/Src/stm32f1xx_hal_dma.c.obj
LOAD CMakeFiles/5_17test.elf.dir/Drivers/STM32F1xx_HAL_Driver/Src/stm32f1xx_hal_exti.c.obj
LOAD CMakeFiles/5_17test.elf.dir/Drivers/STM32F1xx_HAL_Driver/Src/stm32f1xx_hal_flash.c.obj
LOAD CMakeFiles/5_17test.elf.dir/Drivers/STM32F1xx_HAL_Driver/Src/stm32f1xx_hal_flash_ex.c.obj
LOAD CMakeFiles/5_17test.elf.dir/Drivers/STM32F1xx_HAL_Driver/Src/stm32f1xx_hal_gpio.c.obj
LOAD CMakeFiles/5_17test.elf.dir/Drivers/STM32F1xx_HAL_Driver/Src/stm32f1xx_hal_gpio_ex.c.obj
LOAD CMakeFiles/5_17test.elf.dir/Drivers/STM32F1xx_HAL_Driver/Src/stm32f1xx_hal_pwr.c.obj
LOAD CMakeFiles/5_17test.elf.dir/Drivers/STM32F1xx_HAL_Driver/Src/stm32f1xx_hal_rcc.c.obj
LOAD CMakeFiles/5_17test.elf.dir/Drivers/STM32F1xx_HAL_Driver/Src/stm32f1xx_hal_rcc_ex.c.obj
LOAD CMakeFiles/5_17test.elf.dir/Drivers/STM32F1xx_HAL_Driver/Src/stm32f1xx_hal_tim.c.obj
LOAD CMakeFiles/5_17test.elf.dir/Drivers/STM32F1xx_HAL_Driver/Src/stm32f1xx_hal_tim_ex.c.obj
LOAD CMakeFiles/5_17test.elf.dir/Drivers/STM32F1xx_HAL_Driver/Src/stm32f1xx_hal_uart.c.obj
START GROUP
LOAD d:/clion/arm gnu/12.3 rel1/bin/../lib/gcc/arm-none-eabi/12.3.1/thumb/v7-m/nofp\libgcc.a
LOAD d:/clion/arm gnu/12.3 rel1/bin/../lib/gcc/arm-none-eabi/12.3.1/thumb/v7-m/nofp\libg.a
LOAD d:/clion/arm gnu/12.3 rel1/bin/../lib/gcc/arm-none-eabi/12.3.1/thumb/v7-m/nofp\libc.a
END GROUP
LOAD d:/clion/arm gnu/12.3 rel1/bin/../lib/gcc/arm-none-eabi/12.3.1/thumb/v7-m/nofp/crtend.o
LOAD d:/clion/arm gnu/12.3 rel1/bin/../lib/gcc/arm-none-eabi/12.3.1/thumb/v7-m/nofp/crtn.o
                0x20005000                        _estack = (ORIGIN (RAM) + LENGTH (RAM))
                0x00000200                        _Min_Heap_Size = 0x200
                0x00000400                        _Min_Stack_Size = 0x400

.isr_vector     0x08000000      0x10c
                0x08000000                        . = ALIGN (0x4)
 *(.isr_vector)
 .isr_vector    0x08000000      0x10c CMakeFiles/5_17test.elf.dir/Core/Startup/startup_stm32f103c8tx.s.obj
                0x08000000                g_pfnVectors
                0x0800010c                        . = ALIGN (0x4)

.text           0x0800010c     0x200c
                0x0800010c                        . = ALIGN (0x4)
 *(.text)
 *(.text*)
 .text.deregister_tm_clones
                0x0800010c       0x1c d:/clion/arm gnu/12.3 rel1/bin/../lib/gcc/arm-none-eabi/12.3.1/thumb/v7-m/nofp/crtbegin.o
 .text.register_tm_clones
                0x08000128       0x24 d:/clion/arm gnu/12.3 rel1/bin/../lib/gcc/arm-none-eabi/12.3.1/thumb/v7-m/nofp/crtbegin.o
 .text.__do_global_dtors_aux
                0x0800014c       0x28 d:/clion/arm gnu/12.3 rel1/bin/../lib/gcc/arm-none-eabi/12.3.1/thumb/v7-m/nofp/crtbegin.o
 .text.frame_dummy
                0x08000174       0x24 d:/clion/arm gnu/12.3 rel1/bin/../lib/gcc/arm-none-eabi/12.3.1/thumb/v7-m/nofp/crtbegin.o
 .text.MX_GPIO_Init
                0x08000198       0xc8 CMakeFiles/5_17test.elf.dir/Core/Src/gpio.c.obj
                0x08000198                MX_GPIO_Init
 .text.HAL_TIM_PeriodElapsedCallback
                0x08000260       0x24 CMakeFiles/5_17test.elf.dir/Core/Src/main.c.obj
                0x08000260                HAL_TIM_PeriodElapsedCallback
 .text.Error_Handler
                0x08000284        0x4 CMakeFiles/5_17test.elf.dir/Core/Src/main.c.obj
                0x08000284                Error_Handler
 .text.SystemClock_Config
                0x08000288       0x64 CMakeFiles/5_17test.elf.dir/Core/Src/main.c.obj
                0x08000288                SystemClock_Config
 .text.main     0x080002ec      0x100 CMakeFiles/5_17test.elf.dir/Core/Src/main.c.obj
                0x080002ec                main
 .text.HAL_MspInit
                0x080003ec       0x44 CMakeFiles/5_17test.elf.dir/Core/Src/stm32f1xx_hal_msp.c.obj
                0x080003ec                HAL_MspInit
 .text.NMI_Handler
                0x08000430        0x2 CMakeFiles/5_17test.elf.dir/Core/Src/stm32f1xx_it.c.obj
                0x08000430                NMI_Handler
 .text.HardFault_Handler
                0x08000432        0x2 CMakeFiles/5_17test.elf.dir/Core/Src/stm32f1xx_it.c.obj
                0x08000432                HardFault_Handler
 .text.MemManage_Handler
                0x08000434        0x2 CMakeFiles/5_17test.elf.dir/Core/Src/stm32f1xx_it.c.obj
                0x08000434                MemManage_Handler
 .text.BusFault_Handler
                0x08000436        0x2 CMakeFiles/5_17test.elf.dir/Core/Src/stm32f1xx_it.c.obj
                0x08000436                BusFault_Handler
 .text.UsageFault_Handler
                0x08000438        0x2 CMakeFiles/5_17test.elf.dir/Core/Src/stm32f1xx_it.c.obj
                0x08000438                UsageFault_Handler
 .text.SVC_Handler
                0x0800043a        0x2 CMakeFiles/5_17test.elf.dir/Core/Src/stm32f1xx_it.c.obj
                0x0800043a                SVC_Handler
 .text.DebugMon_Handler
                0x0800043c        0x2 CMakeFiles/5_17test.elf.dir/Core/Src/stm32f1xx_it.c.obj
                0x0800043c                DebugMon_Handler
 .text.PendSV_Handler
                0x0800043e        0x2 CMakeFiles/5_17test.elf.dir/Core/Src/stm32f1xx_it.c.obj
                0x0800043e                PendSV_Handler
 .text.SysTick_Handler
                0x08000440        0x8 CMakeFiles/5_17test.elf.dir/Core/Src/stm32f1xx_it.c.obj
                0x08000440                SysTick_Handler
 .text.TIM4_IRQHandler
                0x08000448       0x10 CMakeFiles/5_17test.elf.dir/Core/Src/stm32f1xx_it.c.obj
                0x08000448                TIM4_IRQHandler
 .text.SystemInit
                0x08000458        0x2 CMakeFiles/5_17test.elf.dir/Core/Src/system_stm32f1xx.c.obj
                0x08000458                SystemInit
 *fill*         0x0800045a        0x2 
 .text.MX_TIM2_Init
                0x0800045c       0x64 CMakeFiles/5_17test.elf.dir/Core/Src/tim.c.obj
                0x0800045c                MX_TIM2_Init
 .text.MX_TIM3_Init
                0x080004c0       0x64 CMakeFiles/5_17test.elf.dir/Core/Src/tim.c.obj
                0x080004c0                MX_TIM3_Init
 .text.MX_TIM4_Init
                0x08000524       0x70 CMakeFiles/5_17test.elf.dir/Core/Src/tim.c.obj
                0x08000524                MX_TIM4_Init
 .text.HAL_TIM_Base_MspInit
                0x08000594       0x60 CMakeFiles/5_17test.elf.dir/Core/Src/tim.c.obj
                0x08000594                HAL_TIM_Base_MspInit
 .text.HAL_TIM_Encoder_MspInit
                0x080005f4       0xb4 CMakeFiles/5_17test.elf.dir/Core/Src/tim.c.obj
                0x080005f4                HAL_TIM_Encoder_MspInit
 .text.HAL_TIM_MspPostInit
                0x080006a8       0x50 CMakeFiles/5_17test.elf.dir/Core/Src/tim.c.obj
                0x080006a8                HAL_TIM_MspPostInit
 .text.MX_TIM1_Init
                0x080006f8      0x130 CMakeFiles/5_17test.elf.dir/Core/Src/tim.c.obj
                0x080006f8                MX_TIM1_Init
 .text.MX_USART1_UART_Init
                0x08000828       0x34 CMakeFiles/5_17test.elf.dir/Core/Src/usart.c.obj
                0x08000828                MX_USART1_UART_Init
 .text.HAL_UART_MspInit
                0x0800085c       0x88 CMakeFiles/5_17test.elf.dir/Core/Src/usart.c.obj
                0x0800085c                HAL_UART_MspInit
 .text.Reset_Handler
                0x080008e4       0x48 CMakeFiles/5_17test.elf.dir/Core/Startup/startup_stm32f103c8tx.s.obj
                0x080008e4                Reset_Handler
 .text.Default_Handler
                0x0800092c        0x2 CMakeFiles/5_17test.elf.dir/Core/Startup/startup_stm32f103c8tx.s.obj
                0x0800092c                RTC_Alarm_IRQHandler
                0x0800092c                EXTI2_IRQHandler
                0x0800092c                TIM1_CC_IRQHandler
                0x0800092c                PVD_IRQHandler
                0x0800092c                EXTI3_IRQHandler
                0x0800092c                EXTI0_IRQHandler
                0x0800092c                I2C2_EV_IRQHandler
                0x0800092c                ADC1_2_IRQHandler
                0x0800092c                SPI1_IRQHandler
                0x0800092c                TAMPER_IRQHandler
                0x0800092c                DMA1_Channel4_IRQHandler
                0x0800092c                USART3_IRQHandler
                0x0800092c                RTC_IRQHandler
                0x0800092c                DMA1_Channel7_IRQHandler
                0x0800092c                CAN1_RX1_IRQHandler
                0x0800092c                I2C1_EV_IRQHandler
                0x0800092c                DMA1_Channel6_IRQHandler
                0x0800092c                TIM3_IRQHandler
                0x0800092c                RCC_IRQHandler
                0x0800092c                TIM1_TRG_COM_IRQHandler
                0x0800092c                DMA1_Channel1_IRQHandler
                0x0800092c                Default_Handler
                0x0800092c                EXTI15_10_IRQHandler
                0x0800092c                EXTI9_5_IRQHandler
                0x0800092c                SPI2_IRQHandler
                0x0800092c                DMA1_Channel5_IRQHandler
                0x0800092c                EXTI4_IRQHandler
                0x0800092c                USB_LP_CAN1_RX0_IRQHandler
                0x0800092c                USB_HP_CAN1_TX_IRQHandler
                0x0800092c                DMA1_Channel3_IRQHandler
                0x0800092c                TIM1_UP_IRQHandler
                0x0800092c                WWDG_IRQHandler
                0x0800092c                TIM2_IRQHandler
                0x0800092c                TIM1_BRK_IRQHandler
                0x0800092c                EXTI1_IRQHandler
                0x0800092c                USART2_IRQHandler
                0x0800092c                I2C2_ER_IRQHandler
                0x0800092c                DMA1_Channel2_IRQHandler
                0x0800092c                CAN1_SCE_IRQHandler
                0x0800092c                FLASH_IRQHandler
                0x0800092c                USART1_IRQHandler
                0x0800092c                I2C1_ER_IRQHandler
                0x0800092c                USBWakeUp_IRQHandler
 *fill*         0x0800092e        0x2 
 .text.HAL_InitTick
                0x08000930       0x4c CMakeFiles/5_17test.elf.dir/Drivers/STM32F1xx_HAL_Driver/Src/stm32f1xx_hal.c.obj
                0x08000930                HAL_InitTick
 .text.HAL_Init
                0x0800097c       0x24 CMakeFiles/5_17test.elf.dir/Drivers/STM32F1xx_HAL_Driver/Src/stm32f1xx_hal.c.obj
                0x0800097c                HAL_Init
 .text.HAL_IncTick
                0x080009a0       0x18 CMakeFiles/5_17test.elf.dir/Drivers/STM32F1xx_HAL_Driver/Src/stm32f1xx_hal.c.obj
                0x080009a0                HAL_IncTick
 .text.HAL_GetTick
                0x080009b8        0xc CMakeFiles/5_17test.elf.dir/Drivers/STM32F1xx_HAL_Driver/Src/stm32f1xx_hal.c.obj
                0x080009b8                HAL_GetTick
 .text.HAL_Delay
                0x080009c4       0x28 CMakeFiles/5_17test.elf.dir/Drivers/STM32F1xx_HAL_Driver/Src/stm32f1xx_hal.c.obj
                0x080009c4                HAL_Delay
 .text.__NVIC_SetPriority
                0x080009ec       0x28 CMakeFiles/5_17test.elf.dir/Drivers/STM32F1xx_HAL_Driver/Src/stm32f1xx_hal_cortex.c.obj
 .text.NVIC_EncodePriority
                0x08000a14       0x3e CMakeFiles/5_17test.elf.dir/Drivers/STM32F1xx_HAL_Driver/Src/stm32f1xx_hal_cortex.c.obj
 *fill*         0x08000a52        0x2 
 .text.HAL_NVIC_SetPriorityGrouping
                0x08000a54       0x24 CMakeFiles/5_17test.elf.dir/Drivers/STM32F1xx_HAL_Driver/Src/stm32f1xx_hal_cortex.c.obj
                0x08000a54                HAL_NVIC_SetPriorityGrouping
 .text.HAL_NVIC_SetPriority
                0x08000a78       0x20 CMakeFiles/5_17test.elf.dir/Drivers/STM32F1xx_HAL_Driver/Src/stm32f1xx_hal_cortex.c.obj
                0x08000a78                HAL_NVIC_SetPriority
 .text.HAL_NVIC_EnableIRQ
                0x08000a98       0x1c CMakeFiles/5_17test.elf.dir/Drivers/STM32F1xx_HAL_Driver/Src/stm32f1xx_hal_cortex.c.obj
                0x08000a98                HAL_NVIC_EnableIRQ
 .text.HAL_SYSTICK_Config
                0x08000ab4       0x28 CMakeFiles/5_17test.elf.dir/Drivers/STM32F1xx_HAL_Driver/Src/stm32f1xx_hal_cortex.c.obj
                0x08000ab4                HAL_SYSTICK_Config
 .text.HAL_GPIO_Init
                0x08000adc      0x21c CMakeFiles/5_17test.elf.dir/Drivers/STM32F1xx_HAL_Driver/Src/stm32f1xx_hal_gpio.c.obj
                0x08000adc                HAL_GPIO_Init
 .text.HAL_GPIO_WritePin
                0x08000cf8        0xc CMakeFiles/5_17test.elf.dir/Drivers/STM32F1xx_HAL_Driver/Src/stm32f1xx_hal_gpio.c.obj
                0x08000cf8                HAL_GPIO_WritePin
 .text.RCC_Delay
                0x08000d04       0x2c CMakeFiles/5_17test.elf.dir/Drivers/STM32F1xx_HAL_Driver/Src/stm32f1xx_hal_rcc.c.obj
 .text.HAL_RCC_OscConfig
                0x08000d30      0x410 CMakeFiles/5_17test.elf.dir/Drivers/STM32F1xx_HAL_Driver/Src/stm32f1xx_hal_rcc.c.obj
                0x08000d30                HAL_RCC_OscConfig
 .text.HAL_RCC_GetSysClockFreq
                0x08001140       0x54 CMakeFiles/5_17test.elf.dir/Drivers/STM32F1xx_HAL_Driver/Src/stm32f1xx_hal_rcc.c.obj
                0x08001140                HAL_RCC_GetSysClockFreq
 .text.HAL_RCC_ClockConfig
                0x08001194      0x16c CMakeFiles/5_17test.elf.dir/Drivers/STM32F1xx_HAL_Driver/Src/stm32f1xx_hal_rcc.c.obj
                0x08001194                HAL_RCC_ClockConfig
 .text.HAL_RCC_GetHCLKFreq
                0x08001300        0xc CMakeFiles/5_17test.elf.dir/Drivers/STM32F1xx_HAL_Driver/Src/stm32f1xx_hal_rcc.c.obj
                0x08001300                HAL_RCC_GetHCLKFreq
 .text.HAL_RCC_GetPCLK1Freq
                0x0800130c       0x20 CMakeFiles/5_17test.elf.dir/Drivers/STM32F1xx_HAL_Driver/Src/stm32f1xx_hal_rcc.c.obj
                0x0800130c                HAL_RCC_GetPCLK1Freq
 .text.HAL_RCC_GetPCLK2Freq
                0x0800132c       0x20 CMakeFiles/5_17test.elf.dir/Drivers/STM32F1xx_HAL_Driver/Src/stm32f1xx_hal_rcc.c.obj
                0x0800132c                HAL_RCC_GetPCLK2Freq
 .text.TIM_OC1_SetConfig
                0x0800134c       0x54 CMakeFiles/5_17test.elf.dir/Drivers/STM32F1xx_HAL_Driver/Src/stm32f1xx_hal_tim.c.obj
 .text.TIM_OC3_SetConfig
                0x080013a0       0x5c CMakeFiles/5_17test.elf.dir/Drivers/STM32F1xx_HAL_Driver/Src/stm32f1xx_hal_tim.c.obj
 .text.TIM_OC4_SetConfig
                0x080013fc       0x48 CMakeFiles/5_17test.elf.dir/Drivers/STM32F1xx_HAL_Driver/Src/stm32f1xx_hal_tim.c.obj
 .text.TIM_TI1_ConfigInputStage
                0x08001444       0x24 CMakeFiles/5_17test.elf.dir/Drivers/STM32F1xx_HAL_Driver/Src/stm32f1xx_hal_tim.c.obj
 .text.TIM_TI2_ConfigInputStage
                0x08001468       0x26 CMakeFiles/5_17test.elf.dir/Drivers/STM32F1xx_HAL_Driver/Src/stm32f1xx_hal_tim.c.obj
 .text.TIM_ITRx_SetConfig
                0x0800148e       0x10 CMakeFiles/5_17test.elf.dir/Drivers/STM32F1xx_HAL_Driver/Src/stm32f1xx_hal_tim.c.obj
 *fill*         0x0800149e        0x2 
 .text.HAL_TIM_Base_Start_IT
                0x080014a0       0x68 CMakeFiles/5_17test.elf.dir/Drivers/STM32F1xx_HAL_Driver/Src/stm32f1xx_hal_tim.c.obj
                0x080014a0                HAL_TIM_Base_Start_IT
 .text.HAL_TIM_PWM_MspInit
                0x08001508        0x2 CMakeFiles/5_17test.elf.dir/Drivers/STM32F1xx_HAL_Driver/Src/stm32f1xx_hal_tim.c.obj
                0x08001508                HAL_TIM_PWM_MspInit
 .text.HAL_TIM_OC_DelayElapsedCallback
                0x0800150a        0x2 CMakeFiles/5_17test.elf.dir/Drivers/STM32F1xx_HAL_Driver/Src/stm32f1xx_hal_tim.c.obj
                0x0800150a                HAL_TIM_OC_DelayElapsedCallback
 .text.HAL_TIM_IC_CaptureCallback
                0x0800150c        0x2 CMakeFiles/5_17test.elf.dir/Drivers/STM32F1xx_HAL_Driver/Src/stm32f1xx_hal_tim.c.obj
                0x0800150c                HAL_TIM_IC_CaptureCallback
 .text.HAL_TIM_PWM_PulseFinishedCallback
                0x0800150e        0x2 CMakeFiles/5_17test.elf.dir/Drivers/STM32F1xx_HAL_Driver/Src/stm32f1xx_hal_tim.c.obj
                0x0800150e                HAL_TIM_PWM_PulseFinishedCallback
 .text.HAL_TIM_TriggerCallback
                0x08001510        0x2 CMakeFiles/5_17test.elf.dir/Drivers/STM32F1xx_HAL_Driver/Src/stm32f1xx_hal_tim.c.obj
                0x08001510                HAL_TIM_TriggerCallback
 .text.HAL_TIM_IRQHandler
                0x08001512      0x17a CMakeFiles/5_17test.elf.dir/Drivers/STM32F1xx_HAL_Driver/Src/stm32f1xx_hal_tim.c.obj
                0x08001512                HAL_TIM_IRQHandler
 .text.TIM_Base_SetConfig
                0x0800168c       0x74 CMakeFiles/5_17test.elf.dir/Drivers/STM32F1xx_HAL_Driver/Src/stm32f1xx_hal_tim.c.obj
                0x0800168c                TIM_Base_SetConfig
 .text.HAL_TIM_Base_Init
                0x08001700       0x58 CMakeFiles/5_17test.elf.dir/Drivers/STM32F1xx_HAL_Driver/Src/stm32f1xx_hal_tim.c.obj
                0x08001700                HAL_TIM_Base_Init
 .text.HAL_TIM_PWM_Init
                0x08001758       0x58 CMakeFiles/5_17test.elf.dir/Drivers/STM32F1xx_HAL_Driver/Src/stm32f1xx_hal_tim.c.obj
                0x08001758                HAL_TIM_PWM_Init
 .text.HAL_TIM_Encoder_Init
                0x080017b0       0xb6 CMakeFiles/5_17test.elf.dir/Drivers/STM32F1xx_HAL_Driver/Src/stm32f1xx_hal_tim.c.obj
                0x080017b0                HAL_TIM_Encoder_Init
 *fill*         0x08001866        0x2 
 .text.TIM_OC2_SetConfig
                0x08001868       0x5c CMakeFiles/5_17test.elf.dir/Drivers/STM32F1xx_HAL_Driver/Src/stm32f1xx_hal_tim.c.obj
                0x08001868                TIM_OC2_SetConfig
 .text.HAL_TIM_PWM_ConfigChannel
                0x080018c4       0xdc CMakeFiles/5_17test.elf.dir/Drivers/STM32F1xx_HAL_Driver/Src/stm32f1xx_hal_tim.c.obj
                0x080018c4                HAL_TIM_PWM_ConfigChannel
 .text.TIM_ETR_SetConfig
                0x080019a0       0x18 CMakeFiles/5_17test.elf.dir/Drivers/STM32F1xx_HAL_Driver/Src/stm32f1xx_hal_tim.c.obj
                0x080019a0                TIM_ETR_SetConfig
 .text.HAL_TIM_ConfigClockSource
                0x080019b8       0xfe CMakeFiles/5_17test.elf.dir/Drivers/STM32F1xx_HAL_Driver/Src/stm32f1xx_hal_tim.c.obj
                0x080019b8                HAL_TIM_ConfigClockSource
 .text.TIM_SlaveTimer_SetConfig
                0x08001ab6       0xb8 CMakeFiles/5_17test.elf.dir/Drivers/STM32F1xx_HAL_Driver/Src/stm32f1xx_hal_tim.c.obj
 .text.HAL_TIM_SlaveConfigSynchro
                0x08001b6e       0x52 CMakeFiles/5_17test.elf.dir/Drivers/STM32F1xx_HAL_Driver/Src/stm32f1xx_hal_tim.c.obj
                0x08001b6e                HAL_TIM_SlaveConfigSynchro
 .text.TIM_CCxChannelCmd
                0x08001bc0       0x1e CMakeFiles/5_17test.elf.dir/Drivers/STM32F1xx_HAL_Driver/Src/stm32f1xx_hal_tim.c.obj
                0x08001bc0                TIM_CCxChannelCmd
 *fill*         0x08001bde        0x2 
 .text.HAL_TIM_PWM_Start
                0x08001be0       0xdc CMakeFiles/5_17test.elf.dir/Drivers/STM32F1xx_HAL_Driver/Src/stm32f1xx_hal_tim.c.obj
                0x08001be0                HAL_TIM_PWM_Start
 .text.HAL_TIM_Encoder_Start
                0x08001cbc       0xcc CMakeFiles/5_17test.elf.dir/Drivers/STM32F1xx_HAL_Driver/Src/stm32f1xx_hal_tim.c.obj
                0x08001cbc                HAL_TIM_Encoder_Start
 .text.HAL_TIMEx_MasterConfigSynchronization
                0x08001d88       0x6c CMakeFiles/5_17test.elf.dir/Drivers/STM32F1xx_HAL_Driver/Src/stm32f1xx_hal_tim_ex.c.obj
                0x08001d88                HAL_TIMEx_MasterConfigSynchronization
 .text.HAL_TIMEx_ConfigBreakDeadTime
                0x08001df4       0x52 CMakeFiles/5_17test.elf.dir/Drivers/STM32F1xx_HAL_Driver/Src/stm32f1xx_hal_tim_ex.c.obj
                0x08001df4                HAL_TIMEx_ConfigBreakDeadTime
 .text.HAL_TIMEx_CommutCallback
                0x08001e46        0x2 CMakeFiles/5_17test.elf.dir/Drivers/STM32F1xx_HAL_Driver/Src/stm32f1xx_hal_tim_ex.c.obj
                0x08001e46                HAL_TIMEx_CommutCallback
 .text.HAL_TIMEx_BreakCallback
                0x08001e48        0x2 CMakeFiles/5_17test.elf.dir/Drivers/STM32F1xx_HAL_Driver/Src/stm32f1xx_hal_tim_ex.c.obj
                0x08001e48                HAL_TIMEx_BreakCallback
 *fill*         0x08001e4a        0x2 
 .text.UART_SetConfig
                0x08001e4c       0x94 CMakeFiles/5_17test.elf.dir/Drivers/STM32F1xx_HAL_Driver/Src/stm32f1xx_hal_uart.c.obj
 .text.HAL_UART_Init
                0x08001ee0       0x60 CMakeFiles/5_17test.elf.dir/Drivers/STM32F1xx_HAL_Driver/Src/stm32f1xx_hal_uart.c.obj
                0x08001ee0                HAL_UART_Init
 .text.memset   0x08001f40       0xa0 d:/clion/arm gnu/12.3 rel1/bin/../lib/gcc/arm-none-eabi/12.3.1/thumb/v7-m/nofp\libg.a(libc_a-memset.o)
                0x08001f40                memset
 .text.__libc_init_array
                0x08001fe0       0x50 d:/clion/arm gnu/12.3 rel1/bin/../lib/gcc/arm-none-eabi/12.3.1/thumb/v7-m/nofp\libg.a(libc_a-init.o)
                0x08001fe0                __libc_init_array
 .text.__retarget_lock_acquire_recursive
                0x08002030        0x4 d:/clion/arm gnu/12.3 rel1/bin/../lib/gcc/arm-none-eabi/12.3.1/thumb/v7-m/nofp\libg.a(libc_a-lock.o)
                0x08002030                __retarget_lock_acquire_recursive
 .text.__retarget_lock_release_recursive
                0x08002034        0x4 d:/clion/arm gnu/12.3 rel1/bin/../lib/gcc/arm-none-eabi/12.3.1/thumb/v7-m/nofp\libg.a(libc_a-lock.o)
                0x08002034                __retarget_lock_release_recursive
 .text.startup.register_fini
                0x08002038       0x14 d:/clion/arm gnu/12.3 rel1/bin/../lib/gcc/arm-none-eabi/12.3.1/thumb/v7-m/nofp\libg.a(libc_a-__call_atexit.o)
 .text.atexit   0x0800204c        0xc d:/clion/arm gnu/12.3 rel1/bin/../lib/gcc/arm-none-eabi/12.3.1/thumb/v7-m/nofp\libg.a(libc_a-atexit.o)
                0x0800204c                atexit
 .text.__libc_fini_array
                0x08002058       0x28 d:/clion/arm gnu/12.3 rel1/bin/../lib/gcc/arm-none-eabi/12.3.1/thumb/v7-m/nofp\libg.a(libc_a-fini.o)
                0x08002058                __libc_fini_array
 .text.__register_exitproc
                0x08002080       0x80 d:/clion/arm gnu/12.3 rel1/bin/../lib/gcc/arm-none-eabi/12.3.1/thumb/v7-m/nofp\libg.a(libc_a-__atexit.o)
                0x08002080                __register_exitproc
 *(.glue_7)
 .glue_7        0x08002100        0x0 linker stubs
 *(.glue_7t)
 .glue_7t       0x08002100        0x0 linker stubs
 *(.eh_frame)
 .eh_frame      0x08002100        0x0 d:/clion/arm gnu/12.3 rel1/bin/../lib/gcc/arm-none-eabi/12.3.1/thumb/v7-m/nofp/crtbegin.o
 *(.init)
 .init          0x08002100        0x4 d:/clion/arm gnu/12.3 rel1/bin/../lib/gcc/arm-none-eabi/12.3.1/thumb/v7-m/nofp/crti.o
                0x08002100                _init
 .init          0x08002104        0x8 d:/clion/arm gnu/12.3 rel1/bin/../lib/gcc/arm-none-eabi/12.3.1/thumb/v7-m/nofp/crtn.o
 *(.fini)
 .fini          0x0800210c        0x4 d:/clion/arm gnu/12.3 rel1/bin/../lib/gcc/arm-none-eabi/12.3.1/thumb/v7-m/nofp/crti.o
                0x0800210c                _fini
 .fini          0x08002110        0x8 d:/clion/arm gnu/12.3 rel1/bin/../lib/gcc/arm-none-eabi/12.3.1/thumb/v7-m/nofp/crtn.o
                0x08002118                        . = ALIGN (0x4)
                0x08002118                        _etext = .

.vfp11_veneer   0x08002118        0x0
 .vfp11_veneer  0x08002118        0x0 linker stubs

.v4_bx          0x08002118        0x0
 .v4_bx         0x08002118        0x0 linker stubs

.iplt           0x08002118        0x0
 .iplt          0x08002118        0x0 d:/clion/arm gnu/12.3 rel1/bin/../lib/gcc/arm-none-eabi/12.3.1/thumb/v7-m/nofp/crtbegin.o

.rodata         0x08002118       0x2c
                0x08002118                        . = ALIGN (0x4)
 *(.rodata)
 *(.rodata*)
 .rodata.APBPrescTable
                0x08002118        0x8 CMakeFiles/5_17test.elf.dir/Core/Src/system_stm32f1xx.c.obj
                0x08002118                APBPrescTable
 .rodata.AHBPrescTable
                0x08002120       0x10 CMakeFiles/5_17test.elf.dir/Core/Src/system_stm32f1xx.c.obj
                0x08002120                AHBPrescTable
 .rodata.aPredivFactorTable.0
                0x08002130        0x2 CMakeFiles/5_17test.elf.dir/Drivers/STM32F1xx_HAL_Driver/Src/stm32f1xx_hal_rcc.c.obj
 *fill*         0x08002132        0x2 
 .rodata.aPLLMULFactorTable.1
                0x08002134       0x10 CMakeFiles/5_17test.elf.dir/Drivers/STM32F1xx_HAL_Driver/Src/stm32f1xx_hal_rcc.c.obj
                0x08002144                        . = ALIGN (0x4)

.rel.dyn        0x08002144        0x0
 .rel.iplt      0x08002144        0x0 d:/clion/arm gnu/12.3 rel1/bin/../lib/gcc/arm-none-eabi/12.3.1/thumb/v7-m/nofp/crtbegin.o

.ARM.extab      0x08002144        0x0
                0x08002144                        . = ALIGN (0x4)
 *(.ARM.extab* .gnu.linkonce.armextab.*)
                0x08002144                        . = ALIGN (0x4)

.ARM            0x08002144        0x0
                0x08002144                        . = ALIGN (0x4)
                0x08002144                        __exidx_start = .
 *(.ARM.exidx*)
                0x08002144                        __exidx_end = .
                0x08002144                        . = ALIGN (0x4)

.preinit_array  0x08002144        0x0
                0x08002144                        . = ALIGN (0x4)
                0x08002144                        PROVIDE (__preinit_array_start = .)
 *(.preinit_array*)
                0x08002144                        PROVIDE (__preinit_array_end = .)
                0x08002144                        . = ALIGN (0x4)

.init_array     0x08002144        0x8
                0x08002144                        . = ALIGN (0x4)
                0x08002144                        PROVIDE (__init_array_start = .)
 *(SORT_BY_NAME(.init_array.*))
 .init_array.00000
                0x08002144        0x4 d:/clion/arm gnu/12.3 rel1/bin/../lib/gcc/arm-none-eabi/12.3.1/thumb/v7-m/nofp\libg.a(libc_a-__call_atexit.o)
 *(.init_array*)
 .init_array    0x08002148        0x4 d:/clion/arm gnu/12.3 rel1/bin/../lib/gcc/arm-none-eabi/12.3.1/thumb/v7-m/nofp/crtbegin.o
                0x0800214c                        PROVIDE (__init_array_end = .)
                0x0800214c                        . = ALIGN (0x4)

.fini_array     0x0800214c        0x4
                0x0800214c                        . = ALIGN (0x4)
                0x0800214c                        PROVIDE (__fini_array_start = .)
 *(SORT_BY_NAME(.fini_array.*))
 *(.fini_array*)
 .fini_array    0x0800214c        0x4 d:/clion/arm gnu/12.3 rel1/bin/../lib/gcc/arm-none-eabi/12.3.1/thumb/v7-m/nofp/crtbegin.o
                0x08002150                        PROVIDE (__fini_array_end = .)
                0x08002150                        . = ALIGN (0x4)
                0x08002150                        _sidata = LOADADDR (.data)

.data           0x20000000       0x10 load address 0x08002150
                0x20000000                        . = ALIGN (0x4)
                0x20000000                        _sdata = .
 *(.data)
 *(.data*)
 .data.SystemCoreClock
                0x20000000        0x4 CMakeFiles/5_17test.elf.dir/Core/Src/system_stm32f1xx.c.obj
                0x20000000                SystemCoreClock
 .data.uwTickFreq
                0x20000004        0x1 CMakeFiles/5_17test.elf.dir/Drivers/STM32F1xx_HAL_Driver/Src/stm32f1xx_hal.c.obj
                0x20000004                uwTickFreq
 *fill*         0x20000005        0x3 
 .data.uwTickPrio
                0x20000008        0x4 CMakeFiles/5_17test.elf.dir/Drivers/STM32F1xx_HAL_Driver/Src/stm32f1xx_hal.c.obj
                0x20000008                uwTickPrio
 .data.__atexit_recursive_mutex
                0x2000000c        0x4 d:/clion/arm gnu/12.3 rel1/bin/../lib/gcc/arm-none-eabi/12.3.1/thumb/v7-m/nofp\libg.a(libc_a-__call_atexit.o)
                0x2000000c                __atexit_recursive_mutex
 *(.RamFunc)
 *(.RamFunc*)
                0x20000010                        . = ALIGN (0x4)
                0x20000010                        _edata = .

.tm_clone_table
                0x20000010        0x0 load address 0x08002160
 .tm_clone_table
                0x20000010        0x0 d:/clion/arm gnu/12.3 rel1/bin/../lib/gcc/arm-none-eabi/12.3.1/thumb/v7-m/nofp/crtbegin.o
 .tm_clone_table
                0x20000010        0x0 d:/clion/arm gnu/12.3 rel1/bin/../lib/gcc/arm-none-eabi/12.3.1/thumb/v7-m/nofp/crtend.o

.igot.plt       0x20000010        0x0 load address 0x08002160
 .igot.plt      0x20000010        0x0 d:/clion/arm gnu/12.3 rel1/bin/../lib/gcc/arm-none-eabi/12.3.1/thumb/v7-m/nofp/crtbegin.o
                0x20000010                        . = ALIGN (0x4)

.bss            0x20000010      0x320 load address 0x08002160
                0x20000010                        _sbss = .
                0x20000010                        __bss_start__ = _sbss
 *(.bss)
 *(.bss*)
 .bss.completed.1
                0x20000010        0x1 d:/clion/arm gnu/12.3 rel1/bin/../lib/gcc/arm-none-eabi/12.3.1/thumb/v7-m/nofp/crtbegin.o
 *fill*         0x20000011        0x3 
 .bss.object.0  0x20000014       0x18 d:/clion/arm gnu/12.3 rel1/bin/../lib/gcc/arm-none-eabi/12.3.1/thumb/v7-m/nofp/crtbegin.o
 .bss.htim4     0x2000002c       0x48 CMakeFiles/5_17test.elf.dir/Core/Src/tim.c.obj
                0x2000002c                htim4
 .bss.htim3     0x20000074       0x48 CMakeFiles/5_17test.elf.dir/Core/Src/tim.c.obj
                0x20000074                htim3
 .bss.htim2     0x200000bc       0x48 CMakeFiles/5_17test.elf.dir/Core/Src/tim.c.obj
                0x200000bc                htim2
 .bss.htim1     0x20000104       0x48 CMakeFiles/5_17test.elf.dir/Core/Src/tim.c.obj
                0x20000104                htim1
 .bss.huart1    0x2000014c       0x48 CMakeFiles/5_17test.elf.dir/Core/Src/usart.c.obj
                0x2000014c                huart1
 .bss.uwTick    0x20000194        0x4 CMakeFiles/5_17test.elf.dir/Drivers/STM32F1xx_HAL_Driver/Src/stm32f1xx_hal.c.obj
                0x20000194                uwTick
 .bss.__lock___atexit_recursive_mutex
                0x20000198        0x1 d:/clion/arm gnu/12.3 rel1/bin/../lib/gcc/arm-none-eabi/12.3.1/thumb/v7-m/nofp\libg.a(libc_a-lock.o)
                0x20000198                __lock___atexit_recursive_mutex
 *fill*         0x20000199        0x3 
 .bss.__atexit  0x2000019c        0x4 d:/clion/arm gnu/12.3 rel1/bin/../lib/gcc/arm-none-eabi/12.3.1/thumb/v7-m/nofp\libg.a(libc_a-__call_atexit.o)
                0x2000019c                __atexit
 .bss.__atexit0
                0x200001a0      0x190 d:/clion/arm gnu/12.3 rel1/bin/../lib/gcc/arm-none-eabi/12.3.1/thumb/v7-m/nofp\libg.a(libc_a-__atexit.o)
                0x200001a0                __atexit0
 *(COMMON)
                0x20000330                        . = ALIGN (0x4)
                0x20000330                        _ebss = .
                0x20000330                        __bss_end__ = _ebss

._user_heap_stack
                0x20000330      0x600 load address 0x08002160
                0x20000330                        . = ALIGN (0x8)
                [!provide]                        PROVIDE (end = .)
                0x20000330                        PROVIDE (_end = .)
                0x20000530                        . = (. + _Min_Heap_Size)
 *fill*         0x20000330      0x200 
                0x20000930                        . = (. + _Min_Stack_Size)
 *fill*         0x20000530      0x400 
                0x20000930                        . = ALIGN (0x8)

/DISCARD/
 libc.a(*)
 libm.a(*)
 libgcc.a(*)

.ARM.attributes
                0x00000000       0x29
 *(.ARM.attributes)
 .ARM.attributes
                0x00000000       0x1d d:/clion/arm gnu/12.3 rel1/bin/../lib/gcc/arm-none-eabi/12.3.1/thumb/v7-m/nofp/crti.o
 .ARM.attributes
                0x0000001d       0x2d d:/clion/arm gnu/12.3 rel1/bin/../lib/gcc/arm-none-eabi/12.3.1/thumb/v7-m/nofp/crtbegin.o
 .ARM.attributes
                0x0000004a       0x2d CMakeFiles/5_17test.elf.dir/Core/Src/gpio.c.obj
 .ARM.attributes
                0x00000077       0x2d CMakeFiles/5_17test.elf.dir/Core/Src/main.c.obj
 .ARM.attributes
                0x000000a4       0x2d CMakeFiles/5_17test.elf.dir/Core/Src/stm32f1xx_hal_msp.c.obj
 .ARM.attributes
                0x000000d1       0x2d CMakeFiles/5_17test.elf.dir/Core/Src/stm32f1xx_it.c.obj
 .ARM.attributes
                0x000000fe       0x2d CMakeFiles/5_17test.elf.dir/Core/Src/system_stm32f1xx.c.obj
 .ARM.attributes
                0x0000012b       0x2d CMakeFiles/5_17test.elf.dir/Core/Src/tim.c.obj
 .ARM.attributes
                0x00000158       0x2d CMakeFiles/5_17test.elf.dir/Core/Src/usart.c.obj
 .ARM.attributes
                0x00000185       0x21 CMakeFiles/5_17test.elf.dir/Core/Startup/startup_stm32f103c8tx.s.obj
 .ARM.attributes
                0x000001a6       0x2d CMakeFiles/5_17test.elf.dir/Drivers/STM32F1xx_HAL_Driver/Src/stm32f1xx_hal.c.obj
 .ARM.attributes
                0x000001d3       0x2d CMakeFiles/5_17test.elf.dir/Drivers/STM32F1xx_HAL_Driver/Src/stm32f1xx_hal_cortex.c.obj
 .ARM.attributes
                0x00000200       0x2d CMakeFiles/5_17test.elf.dir/Drivers/STM32F1xx_HAL_Driver/Src/stm32f1xx_hal_gpio.c.obj
 .ARM.attributes
                0x0000022d       0x2d CMakeFiles/5_17test.elf.dir/Drivers/STM32F1xx_HAL_Driver/Src/stm32f1xx_hal_rcc.c.obj
 .ARM.attributes
                0x0000025a       0x2d CMakeFiles/5_17test.elf.dir/Drivers/STM32F1xx_HAL_Driver/Src/stm32f1xx_hal_tim.c.obj
 .ARM.attributes
                0x00000287       0x2d CMakeFiles/5_17test.elf.dir/Drivers/STM32F1xx_HAL_Driver/Src/stm32f1xx_hal_tim_ex.c.obj
 .ARM.attributes
                0x000002b4       0x2d CMakeFiles/5_17test.elf.dir/Drivers/STM32F1xx_HAL_Driver/Src/stm32f1xx_hal_uart.c.obj
 .ARM.attributes
                0x000002e1       0x2d d:/clion/arm gnu/12.3 rel1/bin/../lib/gcc/arm-none-eabi/12.3.1/thumb/v7-m/nofp\libg.a(libc_a-memset.o)
 .ARM.attributes
                0x0000030e       0x2d d:/clion/arm gnu/12.3 rel1/bin/../lib/gcc/arm-none-eabi/12.3.1/thumb/v7-m/nofp\libg.a(libc_a-init.o)
 .ARM.attributes
                0x0000033b       0x2d d:/clion/arm gnu/12.3 rel1/bin/../lib/gcc/arm-none-eabi/12.3.1/thumb/v7-m/nofp\libg.a(libc_a-lock.o)
 .ARM.attributes
                0x00000368       0x2d d:/clion/arm gnu/12.3 rel1/bin/../lib/gcc/arm-none-eabi/12.3.1/thumb/v7-m/nofp\libg.a(libc_a-__call_atexit.o)
 .ARM.attributes
                0x00000395       0x2d d:/clion/arm gnu/12.3 rel1/bin/../lib/gcc/arm-none-eabi/12.3.1/thumb/v7-m/nofp\libg.a(libc_a-atexit.o)
 .ARM.attributes
                0x000003c2       0x2d d:/clion/arm gnu/12.3 rel1/bin/../lib/gcc/arm-none-eabi/12.3.1/thumb/v7-m/nofp\libg.a(libc_a-fini.o)
 .ARM.attributes
                0x000003ef       0x2d d:/clion/arm gnu/12.3 rel1/bin/../lib/gcc/arm-none-eabi/12.3.1/thumb/v7-m/nofp\libg.a(libc_a-__atexit.o)
 .ARM.attributes
                0x0000041c       0x2d d:/clion/arm gnu/12.3 rel1/bin/../lib/gcc/arm-none-eabi/12.3.1/thumb/v7-m/nofp/crtend.o
 .ARM.attributes
                0x00000449       0x1d d:/clion/arm gnu/12.3 rel1/bin/../lib/gcc/arm-none-eabi/12.3.1/thumb/v7-m/nofp/crtn.o
OUTPUT(5_17test.elf elf32-littlearm)
LOAD linker stubs
LOAD d:/clion/arm gnu/12.3 rel1/bin/../lib/gcc/arm-none-eabi/12.3.1/thumb/v7-m/nofp\libc.a
LOAD d:/clion/arm gnu/12.3 rel1/bin/../lib/gcc/arm-none-eabi/12.3.1/thumb/v7-m/nofp\libm.a
LOAD d:/clion/arm gnu/12.3 rel1/bin/../lib/gcc/arm-none-eabi/12.3.1/thumb/v7-m/nofp\libgcc.a

.debug_info     0x00000000     0xf006
 .debug_info    0x00000000      0x37d CMakeFiles/5_17test.elf.dir/Core/Src/gpio.c.obj
 .debug_info    0x0000037d      0xaad CMakeFiles/5_17test.elf.dir/Core/Src/main.c.obj
 .debug_info    0x00000e2a      0x1f4 CMakeFiles/5_17test.elf.dir/Core/Src/stm32f1xx_hal_msp.c.obj
 .debug_info    0x0000101e      0x6b9 CMakeFiles/5_17test.elf.dir/Core/Src/stm32f1xx_it.c.obj
 .debug_info    0x000016d7      0x22d CMakeFiles/5_17test.elf.dir/Core/Src/system_stm32f1xx.c.obj
 .debug_info    0x00001904     0x13ca CMakeFiles/5_17test.elf.dir/Core/Src/tim.c.obj
 .debug_info    0x00002cce      0x8a6 CMakeFiles/5_17test.elf.dir/Core/Src/usart.c.obj
 .debug_info    0x00003574       0x30 CMakeFiles/5_17test.elf.dir/Core/Startup/startup_stm32f103c8tx.s.obj
 .debug_info    0x000035a4      0x7a2 CMakeFiles/5_17test.elf.dir/Drivers/STM32F1xx_HAL_Driver/Src/stm32f1xx_hal.c.obj
 .debug_info    0x00003d46      0xcad CMakeFiles/5_17test.elf.dir/Drivers/STM32F1xx_HAL_Driver/Src/stm32f1xx_hal_cortex.c.obj
 .debug_info    0x000049f3      0x604 CMakeFiles/5_17test.elf.dir/Drivers/STM32F1xx_HAL_Driver/Src/stm32f1xx_hal_gpio.c.obj
 .debug_info    0x00004ff7      0x9c7 CMakeFiles/5_17test.elf.dir/Drivers/STM32F1xx_HAL_Driver/Src/stm32f1xx_hal_rcc.c.obj
 .debug_info    0x000059be     0x3b74 CMakeFiles/5_17test.elf.dir/Drivers/STM32F1xx_HAL_Driver/Src/stm32f1xx_hal_tim.c.obj
 .debug_info    0x00009532     0x1a88 CMakeFiles/5_17test.elf.dir/Drivers/STM32F1xx_HAL_Driver/Src/stm32f1xx_hal_tim_ex.c.obj
 .debug_info    0x0000afba     0x404c CMakeFiles/5_17test.elf.dir/Drivers/STM32F1xx_HAL_Driver/Src/stm32f1xx_hal_uart.c.obj

.debug_abbrev   0x00000000     0x1eb0
 .debug_abbrev  0x00000000      0x151 CMakeFiles/5_17test.elf.dir/Core/Src/gpio.c.obj
 .debug_abbrev  0x00000151      0x269 CMakeFiles/5_17test.elf.dir/Core/Src/main.c.obj
 .debug_abbrev  0x000003ba       0xed CMakeFiles/5_17test.elf.dir/Core/Src/stm32f1xx_hal_msp.c.obj
 .debug_abbrev  0x000004a7      0x19a CMakeFiles/5_17test.elf.dir/Core/Src/stm32f1xx_it.c.obj
 .debug_abbrev  0x00000641      0x143 CMakeFiles/5_17test.elf.dir/Core/Src/system_stm32f1xx.c.obj
 .debug_abbrev  0x00000784      0x2b4 CMakeFiles/5_17test.elf.dir/Core/Src/tim.c.obj
 .debug_abbrev  0x00000a38      0x229 CMakeFiles/5_17test.elf.dir/Core/Src/usart.c.obj
 .debug_abbrev  0x00000c61       0x24 CMakeFiles/5_17test.elf.dir/Core/Startup/startup_stm32f103c8tx.s.obj
 .debug_abbrev  0x00000c85      0x22d CMakeFiles/5_17test.elf.dir/Drivers/STM32F1xx_HAL_Driver/Src/stm32f1xx_hal.c.obj
 .debug_abbrev  0x00000eb2      0x36d CMakeFiles/5_17test.elf.dir/Drivers/STM32F1xx_HAL_Driver/Src/stm32f1xx_hal_cortex.c.obj
 .debug_abbrev  0x0000121f      0x1f7 CMakeFiles/5_17test.elf.dir/Drivers/STM32F1xx_HAL_Driver/Src/stm32f1xx_hal_gpio.c.obj
 .debug_abbrev  0x00001416      0x2a0 CMakeFiles/5_17test.elf.dir/Drivers/STM32F1xx_HAL_Driver/Src/stm32f1xx_hal_rcc.c.obj
 .debug_abbrev  0x000016b6      0x270 CMakeFiles/5_17test.elf.dir/Drivers/STM32F1xx_HAL_Driver/Src/stm32f1xx_hal_tim.c.obj
 .debug_abbrev  0x00001926      0x26e CMakeFiles/5_17test.elf.dir/Drivers/STM32F1xx_HAL_Driver/Src/stm32f1xx_hal_tim_ex.c.obj
 .debug_abbrev  0x00001b94      0x31c CMakeFiles/5_17test.elf.dir/Drivers/STM32F1xx_HAL_Driver/Src/stm32f1xx_hal_uart.c.obj

.debug_aranges  0x00000000      0xb88
 .debug_aranges
                0x00000000       0x20 CMakeFiles/5_17test.elf.dir/Core/Src/gpio.c.obj
 .debug_aranges
                0x00000020       0x38 CMakeFiles/5_17test.elf.dir/Core/Src/main.c.obj
 .debug_aranges
                0x00000058       0x20 CMakeFiles/5_17test.elf.dir/Core/Src/stm32f1xx_hal_msp.c.obj
 .debug_aranges
                0x00000078       0x68 CMakeFiles/5_17test.elf.dir/Core/Src/stm32f1xx_it.c.obj
 .debug_aranges
                0x000000e0       0x28 CMakeFiles/5_17test.elf.dir/Core/Src/system_stm32f1xx.c.obj
 .debug_aranges
                0x00000108       0x60 CMakeFiles/5_17test.elf.dir/Core/Src/tim.c.obj
 .debug_aranges
                0x00000168       0x30 CMakeFiles/5_17test.elf.dir/Core/Src/usart.c.obj
 .debug_aranges
                0x00000198       0x28 CMakeFiles/5_17test.elf.dir/Core/Startup/startup_stm32f103c8tx.s.obj
 .debug_aranges
                0x000001c0       0xe0 CMakeFiles/5_17test.elf.dir/Drivers/STM32F1xx_HAL_Driver/Src/stm32f1xx_hal.c.obj
 .debug_aranges
                0x000002a0       0xc0 CMakeFiles/5_17test.elf.dir/Drivers/STM32F1xx_HAL_Driver/Src/stm32f1xx_hal_cortex.c.obj
 .debug_aranges
                0x00000360       0x58 CMakeFiles/5_17test.elf.dir/Drivers/STM32F1xx_HAL_Driver/Src/stm32f1xx_hal_gpio.c.obj
 .debug_aranges
                0x000003b8       0x90 CMakeFiles/5_17test.elf.dir/Drivers/STM32F1xx_HAL_Driver/Src/stm32f1xx_hal_rcc.c.obj
 .debug_aranges
                0x00000448      0x3d0 CMakeFiles/5_17test.elf.dir/Drivers/STM32F1xx_HAL_Driver/Src/stm32f1xx_hal_tim.c.obj
 .debug_aranges
                0x00000818      0x168 CMakeFiles/5_17test.elf.dir/Drivers/STM32F1xx_HAL_Driver/Src/stm32f1xx_hal_tim_ex.c.obj
 .debug_aranges
                0x00000980      0x208 CMakeFiles/5_17test.elf.dir/Drivers/STM32F1xx_HAL_Driver/Src/stm32f1xx_hal_uart.c.obj

.debug_rnglists
                0x00000000      0x8d1
 .debug_rnglists
                0x00000000       0x14 CMakeFiles/5_17test.elf.dir/Core/Src/gpio.c.obj
 .debug_rnglists
                0x00000014       0x26 CMakeFiles/5_17test.elf.dir/Core/Src/main.c.obj
 .debug_rnglists
                0x0000003a       0x13 CMakeFiles/5_17test.elf.dir/Core/Src/stm32f1xx_hal_msp.c.obj
 .debug_rnglists
                0x0000004d       0x49 CMakeFiles/5_17test.elf.dir/Core/Src/stm32f1xx_it.c.obj
 .debug_rnglists
                0x00000096       0x1a CMakeFiles/5_17test.elf.dir/Core/Src/system_stm32f1xx.c.obj
 .debug_rnglists
                0x000000b0       0x45 CMakeFiles/5_17test.elf.dir/Core/Src/tim.c.obj
 .debug_rnglists
                0x000000f5       0x20 CMakeFiles/5_17test.elf.dir/Core/Src/usart.c.obj
 .debug_rnglists
                0x00000115       0x19 CMakeFiles/5_17test.elf.dir/Core/Startup/startup_stm32f103c8tx.s.obj
 .debug_rnglists
                0x0000012e       0xa3 CMakeFiles/5_17test.elf.dir/Drivers/STM32F1xx_HAL_Driver/Src/stm32f1xx_hal.c.obj
 .debug_rnglists
                0x000001d1       0x8b CMakeFiles/5_17test.elf.dir/Drivers/STM32F1xx_HAL_Driver/Src/stm32f1xx_hal_cortex.c.obj
 .debug_rnglists
                0x0000025c       0x3f CMakeFiles/5_17test.elf.dir/Drivers/STM32F1xx_HAL_Driver/Src/stm32f1xx_hal_gpio.c.obj
 .debug_rnglists
                0x0000029b       0x7d CMakeFiles/5_17test.elf.dir/Drivers/STM32F1xx_HAL_Driver/Src/stm32f1xx_hal_rcc.c.obj
 .debug_rnglists
                0x00000318      0x2fe CMakeFiles/5_17test.elf.dir/Drivers/STM32F1xx_HAL_Driver/Src/stm32f1xx_hal_tim.c.obj
 .debug_rnglists
                0x00000616      0x11a CMakeFiles/5_17test.elf.dir/Drivers/STM32F1xx_HAL_Driver/Src/stm32f1xx_hal_tim_ex.c.obj
 .debug_rnglists
                0x00000730      0x1a1 CMakeFiles/5_17test.elf.dir/Drivers/STM32F1xx_HAL_Driver/Src/stm32f1xx_hal_uart.c.obj

.debug_line     0x00000000     0xdfdc
 .debug_line    0x00000000      0x22e CMakeFiles/5_17test.elf.dir/Core/Src/gpio.c.obj
 .debug_line    0x0000022e      0x450 CMakeFiles/5_17test.elf.dir/Core/Src/main.c.obj
 .debug_line    0x0000067e      0x173 CMakeFiles/5_17test.elf.dir/Core/Src/stm32f1xx_hal_msp.c.obj
 .debug_line    0x000007f1      0x302 CMakeFiles/5_17test.elf.dir/Core/Src/stm32f1xx_it.c.obj
 .debug_line    0x00000af3      0x23c CMakeFiles/5_17test.elf.dir/Core/Src/system_stm32f1xx.c.obj
 .debug_line    0x00000d2f      0x759 CMakeFiles/5_17test.elf.dir/Core/Src/tim.c.obj
 .debug_line    0x00001488      0x334 CMakeFiles/5_17test.elf.dir/Core/Src/usart.c.obj
 .debug_line    0x000017bc       0x78 CMakeFiles/5_17test.elf.dir/Core/Startup/startup_stm32f103c8tx.s.obj
 .debug_line    0x00001834      0x566 CMakeFiles/5_17test.elf.dir/Drivers/STM32F1xx_HAL_Driver/Src/stm32f1xx_hal.c.obj
 .debug_line    0x00001d9a      0x6e8 CMakeFiles/5_17test.elf.dir/Drivers/STM32F1xx_HAL_Driver/Src/stm32f1xx_hal_cortex.c.obj
 .debug_line    0x00002482      0x5c2 CMakeFiles/5_17test.elf.dir/Drivers/STM32F1xx_HAL_Driver/Src/stm32f1xx_hal_gpio.c.obj
 .debug_line    0x00002a44      0xc2d CMakeFiles/5_17test.elf.dir/Drivers/STM32F1xx_HAL_Driver/Src/stm32f1xx_hal_rcc.c.obj
 .debug_line    0x00003671     0x491e CMakeFiles/5_17test.elf.dir/Drivers/STM32F1xx_HAL_Driver/Src/stm32f1xx_hal_tim.c.obj
 .debug_line    0x00007f8f     0x1c69 CMakeFiles/5_17test.elf.dir/Drivers/STM32F1xx_HAL_Driver/Src/stm32f1xx_hal_tim_ex.c.obj
 .debug_line    0x00009bf8     0x43e4 CMakeFiles/5_17test.elf.dir/Drivers/STM32F1xx_HAL_Driver/Src/stm32f1xx_hal_uart.c.obj

.debug_str      0x00000000     0x36dd
 .debug_str     0x00000000      0x270 CMakeFiles/5_17test.elf.dir/Core/Src/gpio.c.obj
                                0x2bb (size before relaxing)
 .debug_str     0x00000270      0x711 CMakeFiles/5_17test.elf.dir/Core/Src/main.c.obj
                                0x91c (size before relaxing)
 .debug_str     0x00000981       0x78 CMakeFiles/5_17test.elf.dir/Core/Src/stm32f1xx_hal_msp.c.obj
                                0x24f (size before relaxing)
 .debug_str     0x000009f9       0xfe CMakeFiles/5_17test.elf.dir/Core/Src/stm32f1xx_it.c.obj
                                0x743 (size before relaxing)
 .debug_str     0x00000af7       0xa6 CMakeFiles/5_17test.elf.dir/Core/Src/system_stm32f1xx.c.obj
                                0x284 (size before relaxing)
 .debug_str     0x00000b9d      0x745 CMakeFiles/5_17test.elf.dir/Core/Src/tim.c.obj
                                0xf2c (size before relaxing)
 .debug_str     0x000012e2      0x254 CMakeFiles/5_17test.elf.dir/Core/Src/usart.c.obj
                                0x730 (size before relaxing)
 .debug_str     0x00001536       0x62 CMakeFiles/5_17test.elf.dir/Core/Startup/startup_stm32f103c8tx.s.obj
                                 0x95 (size before relaxing)
 .debug_str     0x00001598      0x310 CMakeFiles/5_17test.elf.dir/Drivers/STM32F1xx_HAL_Driver/Src/stm32f1xx_hal.c.obj
                                0x85e (size before relaxing)
 .debug_str     0x000018a8      0x3b2 CMakeFiles/5_17test.elf.dir/Drivers/STM32F1xx_HAL_Driver/Src/stm32f1xx_hal_cortex.c.obj
                                0x903 (size before relaxing)
 .debug_str     0x00001c5a      0x12a CMakeFiles/5_17test.elf.dir/Drivers/STM32F1xx_HAL_Driver/Src/stm32f1xx_hal_gpio.c.obj
                                0x430 (size before relaxing)
 .debug_str     0x00001d84      0x212 CMakeFiles/5_17test.elf.dir/Drivers/STM32F1xx_HAL_Driver/Src/stm32f1xx_hal_rcc.c.obj
                                0x65b (size before relaxing)
 .debug_str     0x00001f96      0xc93 CMakeFiles/5_17test.elf.dir/Drivers/STM32F1xx_HAL_Driver/Src/stm32f1xx_hal_tim.c.obj
                               0x16a5 (size before relaxing)
 .debug_str     0x00002c29      0x45a CMakeFiles/5_17test.elf.dir/Drivers/STM32F1xx_HAL_Driver/Src/stm32f1xx_hal_tim_ex.c.obj
                                0xec1 (size before relaxing)
 .debug_str     0x00003083      0x65a CMakeFiles/5_17test.elf.dir/Drivers/STM32F1xx_HAL_Driver/Src/stm32f1xx_hal_uart.c.obj
                                0xd24 (size before relaxing)

.comment        0x00000000       0x45
 .comment       0x00000000       0x45 CMakeFiles/5_17test.elf.dir/Core/Src/gpio.c.obj
                                 0x46 (size before relaxing)
 .comment       0x00000045       0x46 CMakeFiles/5_17test.elf.dir/Core/Src/main.c.obj
 .comment       0x00000045       0x46 CMakeFiles/5_17test.elf.dir/Core/Src/stm32f1xx_hal_msp.c.obj
 .comment       0x00000045       0x46 CMakeFiles/5_17test.elf.dir/Core/Src/stm32f1xx_it.c.obj
 .comment       0x00000045       0x46 CMakeFiles/5_17test.elf.dir/Core/Src/system_stm32f1xx.c.obj
 .comment       0x00000045       0x46 CMakeFiles/5_17test.elf.dir/Core/Src/tim.c.obj
 .comment       0x00000045       0x46 CMakeFiles/5_17test.elf.dir/Core/Src/usart.c.obj
 .comment       0x00000045       0x46 CMakeFiles/5_17test.elf.dir/Drivers/STM32F1xx_HAL_Driver/Src/stm32f1xx_hal.c.obj
 .comment       0x00000045       0x46 CMakeFiles/5_17test.elf.dir/Drivers/STM32F1xx_HAL_Driver/Src/stm32f1xx_hal_cortex.c.obj
 .comment       0x00000045       0x46 CMakeFiles/5_17test.elf.dir/Drivers/STM32F1xx_HAL_Driver/Src/stm32f1xx_hal_gpio.c.obj
 .comment       0x00000045       0x46 CMakeFiles/5_17test.elf.dir/Drivers/STM32F1xx_HAL_Driver/Src/stm32f1xx_hal_rcc.c.obj
 .comment       0x00000045       0x46 CMakeFiles/5_17test.elf.dir/Drivers/STM32F1xx_HAL_Driver/Src/stm32f1xx_hal_tim.c.obj
 .comment       0x00000045       0x46 CMakeFiles/5_17test.elf.dir/Drivers/STM32F1xx_HAL_Driver/Src/stm32f1xx_hal_tim_ex.c.obj
 .comment       0x00000045       0x46 CMakeFiles/5_17test.elf.dir/Drivers/STM32F1xx_HAL_Driver/Src/stm32f1xx_hal_uart.c.obj

.debug_frame    0x00000000     0x1ff0
 .debug_frame   0x00000000       0x38 CMakeFiles/5_17test.elf.dir/Core/Src/gpio.c.obj
 .debug_frame   0x00000038       0x6c CMakeFiles/5_17test.elf.dir/Core/Src/main.c.obj
 .debug_frame   0x000000a4       0x28 CMakeFiles/5_17test.elf.dir/Core/Src/stm32f1xx_hal_msp.c.obj
 .debug_frame   0x000000cc       0xc0 CMakeFiles/5_17test.elf.dir/Core/Src/stm32f1xx_it.c.obj
 .debug_frame   0x0000018c       0x30 CMakeFiles/5_17test.elf.dir/Core/Src/system_stm32f1xx.c.obj
 .debug_frame   0x000001bc      0x124 CMakeFiles/5_17test.elf.dir/Core/Src/tim.c.obj
 .debug_frame   0x000002e0       0x60 CMakeFiles/5_17test.elf.dir/Core/Src/usart.c.obj
 .debug_frame   0x00000340      0x1cc CMakeFiles/5_17test.elf.dir/Drivers/STM32F1xx_HAL_Driver/Src/stm32f1xx_hal.c.obj
 .debug_frame   0x0000050c      0x19c CMakeFiles/5_17test.elf.dir/Drivers/STM32F1xx_HAL_Driver/Src/stm32f1xx_hal_cortex.c.obj
 .debug_frame   0x000006a8       0xe4 CMakeFiles/5_17test.elf.dir/Drivers/STM32F1xx_HAL_Driver/Src/stm32f1xx_hal_gpio.c.obj
 .debug_frame   0x0000078c      0x184 CMakeFiles/5_17test.elf.dir/Drivers/STM32F1xx_HAL_Driver/Src/stm32f1xx_hal_rcc.c.obj
 .debug_frame   0x00000910      0xb14 CMakeFiles/5_17test.elf.dir/Drivers/STM32F1xx_HAL_Driver/Src/stm32f1xx_hal_tim.c.obj
 .debug_frame   0x00001424      0x40c CMakeFiles/5_17test.elf.dir/Drivers/STM32F1xx_HAL_Driver/Src/stm32f1xx_hal_tim_ex.c.obj
 .debug_frame   0x00001830      0x5d4 CMakeFiles/5_17test.elf.dir/Drivers/STM32F1xx_HAL_Driver/Src/stm32f1xx_hal_uart.c.obj
 .debug_frame   0x00001e04       0x2c d:/clion/arm gnu/12.3 rel1/bin/../lib/gcc/arm-none-eabi/12.3.1/thumb/v7-m/nofp\libg.a(libc_a-memset.o)
 .debug_frame   0x00001e30       0x2c d:/clion/arm gnu/12.3 rel1/bin/../lib/gcc/arm-none-eabi/12.3.1/thumb/v7-m/nofp\libg.a(libc_a-init.o)
 .debug_frame   0x00001e5c       0xb0 d:/clion/arm gnu/12.3 rel1/bin/../lib/gcc/arm-none-eabi/12.3.1/thumb/v7-m/nofp\libg.a(libc_a-lock.o)
 .debug_frame   0x00001f0c       0x5c d:/clion/arm gnu/12.3 rel1/bin/../lib/gcc/arm-none-eabi/12.3.1/thumb/v7-m/nofp\libg.a(libc_a-__call_atexit.o)
 .debug_frame   0x00001f68       0x20 d:/clion/arm gnu/12.3 rel1/bin/../lib/gcc/arm-none-eabi/12.3.1/thumb/v7-m/nofp\libg.a(libc_a-atexit.o)
 .debug_frame   0x00001f88       0x34 d:/clion/arm gnu/12.3 rel1/bin/../lib/gcc/arm-none-eabi/12.3.1/thumb/v7-m/nofp\libg.a(libc_a-fini.o)
 .debug_frame   0x00001fbc       0x34 d:/clion/arm gnu/12.3 rel1/bin/../lib/gcc/arm-none-eabi/12.3.1/thumb/v7-m/nofp\libg.a(libc_a-__atexit.o)

.debug_loclists
                0x00000000     0x7e96
 .debug_loclists
                0x00000000       0x17 CMakeFiles/5_17test.elf.dir/Core/Src/stm32f1xx_hal_msp.c.obj
 .debug_loclists
                0x00000017       0xa5 CMakeFiles/5_17test.elf.dir/Core/Src/system_stm32f1xx.c.obj
 .debug_loclists
                0x000000bc      0x11a CMakeFiles/5_17test.elf.dir/Core/Src/tim.c.obj
 .debug_loclists
                0x000001d6       0x7e CMakeFiles/5_17test.elf.dir/Core/Src/usart.c.obj
 .debug_loclists
                0x00000254       0xc9 CMakeFiles/5_17test.elf.dir/Drivers/STM32F1xx_HAL_Driver/Src/stm32f1xx_hal.c.obj
 .debug_loclists
                0x0000031d      0x422 CMakeFiles/5_17test.elf.dir/Drivers/STM32F1xx_HAL_Driver/Src/stm32f1xx_hal_cortex.c.obj
 .debug_loclists
                0x0000073f      0x2e8 CMakeFiles/5_17test.elf.dir/Drivers/STM32F1xx_HAL_Driver/Src/stm32f1xx_hal_gpio.c.obj
 .debug_loclists
                0x00000a27      0x3f8 CMakeFiles/5_17test.elf.dir/Drivers/STM32F1xx_HAL_Driver/Src/stm32f1xx_hal_rcc.c.obj
 .debug_loclists
                0x00000e1f     0x3332 CMakeFiles/5_17test.elf.dir/Drivers/STM32F1xx_HAL_Driver/Src/stm32f1xx_hal_tim.c.obj
 .debug_loclists
                0x00004151     0x124c CMakeFiles/5_17test.elf.dir/Drivers/STM32F1xx_HAL_Driver/Src/stm32f1xx_hal_tim_ex.c.obj
 .debug_loclists
                0x0000539d     0x2af9 CMakeFiles/5_17test.elf.dir/Drivers/STM32F1xx_HAL_Driver/Src/stm32f1xx_hal_uart.c.obj

.debug_line_str
                0x00000000       0x79
 .debug_line_str
                0x00000000       0x79 CMakeFiles/5_17test.elf.dir/Core/Startup/startup_stm32f103c8tx.s.obj
