Archive member included to satisfy reference by file (symbol)

d:/clion/arm gnu/12.3 rel1/bin/../lib/gcc/arm-none-eabi/12.3.1/thumb/v7-m/nofp\libgcc.a(_arm_muldf3.o)
                              CMakeFiles/5_17test.elf.dir/Core/Src/main.c.obj (__aeabi_dmul)
d:/clion/arm gnu/12.3 rel1/bin/../lib/gcc/arm-none-eabi/12.3.1/thumb/v7-m/nofp\libgcc.a(_arm_addsubdf3.o)
                              CMakeFiles/5_17test.elf.dir/Core/Src/main.c.obj (__aeabi_dsub)
d:/clion/arm gnu/12.3 rel1/bin/../lib/gcc/arm-none-eabi/12.3.1/thumb/v7-m/nofp\libgcc.a(_arm_muldivdf3.o)
                              CMakeFiles/5_17test.elf.dir/Core/Src/mpu6050.c.obj (__aeabi_ddiv)
d:/clion/arm gnu/12.3 rel1/bin/../lib/gcc/arm-none-eabi/12.3.1/thumb/v7-m/nofp\libgcc.a(_arm_cmpdf2.o)
                              CMakeFiles/5_17test.elf.dir/Core/Src/mpu6050.c.obj (__aeabi_dcmpeq)
d:/clion/arm gnu/12.3 rel1/bin/../lib/gcc/arm-none-eabi/12.3.1/thumb/v7-m/nofp\libgcc.a(_arm_fixdfsi.o)
                              CMakeFiles/5_17test.elf.dir/Core/Src/main.c.obj (__aeabi_d2iz)
d:/clion/arm gnu/12.3 rel1/bin/../lib/gcc/arm-none-eabi/12.3.1/thumb/v7-m/nofp\libgcc.a(_arm_addsubsf3.o)
                              CMakeFiles/5_17test.elf.dir/Core/Src/mpu6050.c.obj (__aeabi_fadd)
d:/clion/arm gnu/12.3 rel1/bin/../lib/gcc/arm-none-eabi/12.3.1/thumb/v7-m/nofp\libgcc.a(_arm_muldivsf3.o)
                              CMakeFiles/5_17test.elf.dir/Core/Src/mpu6050.c.obj (__aeabi_fdiv)
d:/clion/arm gnu/12.3 rel1/bin/../lib/gcc/arm-none-eabi/12.3.1/thumb/v7-m/nofp\libg.a(libc_a-exit.o)
                              d:/clion/arm gnu/12.3 rel1/bin/../lib/gcc/arm-none-eabi/12.3.1/thumb/v7-m/nofp/crt0.o (exit)
d:/clion/arm gnu/12.3 rel1/bin/../lib/gcc/arm-none-eabi/12.3.1/thumb/v7-m/nofp\libg.a(libc_a-findfp.o)
                              d:/clion/arm gnu/12.3 rel1/bin/../lib/gcc/arm-none-eabi/12.3.1/thumb/v7-m/nofp\libg.a(libc_a-exit.o) (__stdio_exit_handler)
d:/clion/arm gnu/12.3 rel1/bin/../lib/gcc/arm-none-eabi/12.3.1/thumb/v7-m/nofp\libg.a(libc_a-fwalk.o)
                              d:/clion/arm gnu/12.3 rel1/bin/../lib/gcc/arm-none-eabi/12.3.1/thumb/v7-m/nofp\libg.a(libc_a-findfp.o) (_fwalk_sglue)
d:/clion/arm gnu/12.3 rel1/bin/../lib/gcc/arm-none-eabi/12.3.1/thumb/v7-m/nofp\libg.a(libc_a-stdio.o)
                              d:/clion/arm gnu/12.3 rel1/bin/../lib/gcc/arm-none-eabi/12.3.1/thumb/v7-m/nofp\libg.a(libc_a-findfp.o) (__sread)
d:/clion/arm gnu/12.3 rel1/bin/../lib/gcc/arm-none-eabi/12.3.1/thumb/v7-m/nofp\libg.a(libc_a-memset.o)
                              d:/clion/arm gnu/12.3 rel1/bin/../lib/gcc/arm-none-eabi/12.3.1/thumb/v7-m/nofp/crt0.o (memset)
d:/clion/arm gnu/12.3 rel1/bin/../lib/gcc/arm-none-eabi/12.3.1/thumb/v7-m/nofp\libg.a(libc_a-closer.o)
                              d:/clion/arm gnu/12.3 rel1/bin/../lib/gcc/arm-none-eabi/12.3.1/thumb/v7-m/nofp\libg.a(libc_a-stdio.o) (_close_r)
d:/clion/arm gnu/12.3 rel1/bin/../lib/gcc/arm-none-eabi/12.3.1/thumb/v7-m/nofp\libg.a(libc_a-reent.o)
                              d:/clion/arm gnu/12.3 rel1/bin/../lib/gcc/arm-none-eabi/12.3.1/thumb/v7-m/nofp\libg.a(libc_a-closer.o) (errno)
d:/clion/arm gnu/12.3 rel1/bin/../lib/gcc/arm-none-eabi/12.3.1/thumb/v7-m/nofp\libg.a(libc_a-impure.o)
                              d:/clion/arm gnu/12.3 rel1/bin/../lib/gcc/arm-none-eabi/12.3.1/thumb/v7-m/nofp\libg.a(libc_a-reent.o) (_impure_ptr)
d:/clion/arm gnu/12.3 rel1/bin/../lib/gcc/arm-none-eabi/12.3.1/thumb/v7-m/nofp\libg.a(libc_a-lseekr.o)
                              d:/clion/arm gnu/12.3 rel1/bin/../lib/gcc/arm-none-eabi/12.3.1/thumb/v7-m/nofp\libg.a(libc_a-stdio.o) (_lseek_r)
d:/clion/arm gnu/12.3 rel1/bin/../lib/gcc/arm-none-eabi/12.3.1/thumb/v7-m/nofp\libg.a(libc_a-readr.o)
                              d:/clion/arm gnu/12.3 rel1/bin/../lib/gcc/arm-none-eabi/12.3.1/thumb/v7-m/nofp\libg.a(libc_a-stdio.o) (_read_r)
d:/clion/arm gnu/12.3 rel1/bin/../lib/gcc/arm-none-eabi/12.3.1/thumb/v7-m/nofp\libg.a(libc_a-writer.o)
                              d:/clion/arm gnu/12.3 rel1/bin/../lib/gcc/arm-none-eabi/12.3.1/thumb/v7-m/nofp\libg.a(libc_a-stdio.o) (_write_r)
d:/clion/arm gnu/12.3 rel1/bin/../lib/gcc/arm-none-eabi/12.3.1/thumb/v7-m/nofp\libg.a(libc_a-errno.o)
                              CMakeFiles/5_17test.elf.dir/Core/Src/syscalls.c.obj (__errno)
d:/clion/arm gnu/12.3 rel1/bin/../lib/gcc/arm-none-eabi/12.3.1/thumb/v7-m/nofp\libg.a(libc_a-init.o)
                              d:/clion/arm gnu/12.3 rel1/bin/../lib/gcc/arm-none-eabi/12.3.1/thumb/v7-m/nofp/crt0.o (__libc_init_array)
d:/clion/arm gnu/12.3 rel1/bin/../lib/gcc/arm-none-eabi/12.3.1/thumb/v7-m/nofp\libg.a(libc_a-lock.o)
                              d:/clion/arm gnu/12.3 rel1/bin/../lib/gcc/arm-none-eabi/12.3.1/thumb/v7-m/nofp\libg.a(libc_a-findfp.o) (__retarget_lock_init_recursive)
d:/clion/arm gnu/12.3 rel1/bin/../lib/gcc/arm-none-eabi/12.3.1/thumb/v7-m/nofp\libg.a(libc_a-__call_atexit.o)
[...]
Memory Configuration

Name             Origin             Length             Attributes
RAM              0x20000000         0x00005000         xrw
FLASH            0x08000000         0x00010000         xr
*default*        0x00000000         0xffffffff

Linker script and memory map

LOAD d:/clion/arm gnu/12.3 rel1/bin/../lib/gcc/arm-none-eabi/12.3.1/thumb/v7-m/nofp/crti.o
LOAD d:/clion/arm gnu/12.3 rel1/bin/../lib/gcc/arm-none-eabi/12.3.1/thumb/v7-m/nofp/crtbegin.o
LOAD d:/clion/arm gnu/12.3 rel1/bin/../lib/gcc/arm-none-eabi/12.3.1/thumb/v7-m/nofp/crt0.o
LOAD CMakeFiles/5_17test.elf.dir/Core/Src/gpio.c.obj
LOAD CMakeFiles/5_17test.elf.dir/Core/Src/i2c.c.obj
LOAD CMakeFiles/5_17test.elf.dir/Core/Src/main.c.obj
LOAD CMakeFiles/5_17test.elf.dir/Core/Src/mpu6050.c.obj
LOAD CMakeFiles/5_17test.elf.dir/Core/Src/stm32f1xx_hal_msp.c.obj
LOAD CMakeFiles/5_17test.elf.dir/Core/Src/stm32f1xx_it.c.obj
LOAD CMakeFiles/5_17test.elf.dir/Core/Src/syscalls.c.obj
LOAD CMakeFiles/5_17test.elf.dir/Core/Src/sysmem.c.obj
LOAD CMakeFiles/5_17test.elf.dir/Core/Src/system_stm32f1xx.c.obj
LOAD CMakeFiles/5_17test.elf.dir/Core/Src/tim.c.obj
LOAD CMakeFiles/5_17test.elf.dir/Core/Src/usart.c.obj
LOAD CMakeFiles/5_17test.elf.dir/Core/Startup/startup_stm32f103c8tx.s.obj
LOAD CMakeFiles/5_17test.elf.dir/Drivers/STM32F1xx_HAL_Driver/Src/stm32f1xx_hal.c.obj
LOAD CMakeFiles/5_17test.elf.dir/Drivers/STM32F1xx_HAL_Driver/Src/stm32f1xx_hal_cortex.c.obj
LOAD CMakeFiles/5_17test.elf.dir/Drivers/STM32F1xx_HAL_Driver/Src/stm32f1xx_hal_dma.c.obj
LOAD CMakeFiles/5_17test.elf.dir/Drivers/STM32F1xx_HAL_Driver/Src/stm32f1xx_hal_exti.c.obj
LOAD CMakeFiles/5_17test.elf.dir/Drivers/STM32F1xx_HAL_Driver/Src/stm32f1xx_hal_flash.c.obj
LOAD CMakeFiles/5_17test.elf.dir/Drivers/STM32F1xx_HAL_Driver/Src/stm32f1xx_hal_flash_ex.c.obj
LOAD CMakeFiles/5_17test.elf.dir/Drivers/STM32F1xx_HAL_Driver/Src/stm32f1xx_hal_gpio.c.obj
LOAD CMakeFiles/5_17test.elf.dir/Drivers/STM32F1xx_HAL_Driver/Src/stm32f1xx_hal_gpio_ex.c.obj
LOAD CMakeFiles/5_17test.elf.dir/Drivers/STM32F1xx_HAL_Driver/Src/stm32f1xx_hal_i2c.c.obj
LOAD CMakeFiles/5_17test.elf.dir/Drivers/STM32F1xx_HAL_Driver/Src/stm32f1xx_hal_pwr.c.obj
LOAD CMakeFiles/5_17test.elf.dir/Drivers/STM32F1xx_HAL_Driver/Src/stm32f1xx_hal_rcc.c.obj
LOAD CMakeFiles/5_17test.elf.dir/Drivers/STM32F1xx_HAL_Driver/Src/stm32f1xx_hal_rcc_ex.c.obj
LOAD CMakeFiles/5_17test.elf.dir/Drivers/STM32F1xx_HAL_Driver/Src/stm32f1xx_hal_tim.c.obj
LOAD CMakeFiles/5_17test.elf.dir/Drivers/STM32F1xx_HAL_Driver/Src/stm32f1xx_hal_tim_ex.c.obj
LOAD CMakeFiles/5_17test.elf.dir/Drivers/STM32F1xx_HAL_Driver/Src/stm32f1xx_hal_uart.c.obj
START GROUP
LOAD d:/clion/arm gnu/12.3 rel1/bin/../lib/gcc/arm-none-eabi/12.3.1/thumb/v7-m/nofp\libgcc.a
LOAD d:/clion/arm gnu/12.3 rel1/bin/../lib/gcc/arm-none-eabi/12.3.1/thumb/v7-m/nofp\libg.a
LOAD d:/clion/arm gnu/12.3 rel1/bin/../lib/gcc/arm-none-eabi/12.3.1/thumb/v7-m/nofp\libc.a
END GROUP
LOAD d:/clion/arm gnu/12.3 rel1/bin/../lib/gcc/arm-none-eabi/12.3.1/thumb/v7-m/nofp/crtend.o
LOAD d:/clion/arm gnu/12.3 rel1/bin/../lib/gcc/arm-none-eabi/12.3.1/thumb/v7-m/nofp/crtn.o
                0x20005000                        _estack = (ORIGIN (RAM) + LENGTH (RAM))
                0x00000200                        _Min_Heap_Size = 0x200
                0x00000400                        _Min_Stack_Size = 0x400

.isr_vector     0x08000000      0x10c
                0x08000000                        . = ALIGN (0x4)
 *(.isr_vector)
 .isr_vector    0x08000000      0x10c CMakeFiles/5_17test.elf.dir/Core/Startup/startup_stm32f103c8tx.s.obj
                0x08000000                g_pfnVectors
                0x0800010c                        . = ALIGN (0x4)

.text           0x08000110     0x4724
                0x08000110                        . = ALIGN (0x4)
 *(.text)
 .text          0x08000110      0x378 d:/clion/arm gnu/12.3 rel1/bin/../lib/gcc/arm-none-eabi/12.3.1/thumb/v7-m/nofp\libgcc.a(_arm_addsubdf3.o)
                0x08000110                __aeabi_drsub
                0x08000118                __aeabi_dsub
                0x08000118                __subdf3
                0x0800011c                __aeabi_dadd
                0x0800011c                __adddf3
                0x08000394                __floatunsidf
                0x08000394                __aeabi_ui2d
                0x080003b4                __floatsidf
                0x080003b4                __aeabi_i2d
                0x080003d8                __aeabi_f2d
                0x080003d8                __extendsfdf2
                0x0800041c                __floatundidf
                0x0800041c                __aeabi_ul2d
                0x0800042c                __floatdidf
                0x0800042c                __aeabi_l2d
 .text          0x08000488      0x424 d:/clion/arm gnu/12.3 rel1/bin/../lib/gcc/arm-none-eabi/12.3.1/thumb/v7-m/nofp\libgcc.a(_arm_muldivdf3.o)
                0x08000488                __aeabi_dmul
                0x08000488                __muldf3
                0x080006dc                __divdf3
                0x080006dc                __aeabi_ddiv
 .text          0x080008ac      0x110 d:/clion/arm gnu/12.3 rel1/bin/../lib/gcc/arm-none-eabi/12.3.1/thumb/v7-m/nofp\libgcc.a(_arm_cmpdf2.o)
                0x080008ac                __gtdf2
                0x080008ac                __gedf2
                0x080008b4                __ltdf2
                0x080008b4                __ledf2
                0x080008bc                __nedf2
                0x080008bc                __eqdf2
                0x080008bc                __cmpdf2
                0x08000938                __aeabi_cdrcmple
                0x08000948                __aeabi_cdcmpeq
                0x08000948                __aeabi_cdcmple
                0x08000958                __aeabi_dcmpeq
                0x0800096c                __aeabi_dcmplt
                0x08000980                __aeabi_dcmple
                0x08000994                __aeabi_dcmpge
                0x080009a8                __aeabi_dcmpgt
 .text          0x080009bc       0x50 d:/clion/arm gnu/12.3 rel1/bin/../lib/gcc/arm-none-eabi/12.3.1/thumb/v7-m/nofp\libgcc.a(_arm_fixdfsi.o)
                0x080009bc                __aeabi_d2iz
                0x080009bc                __fixdfsi
 .text          0x08000a0c      0x21c d:/clion/arm gnu/12.3 rel1/bin/../lib/gcc/arm-none-eabi/12.3.1/thumb/v7-m/nofp\libgcc.a(_arm_addsubsf3.o)
                0x08000a0c                __aeabi_frsub
                0x08000a14                __subsf3
                0x08000a14                __aeabi_fsub
                0x08000a18                __aeabi_fadd
                0x08000a18                __addsf3
                0x08000b78                __aeabi_ui2f
                0x08000b78                __floatunsisf
                0x08000b80                __aeabi_i2f
                0x08000b80                __floatsisf
                0x08000b9c                __aeabi_ul2f
                0x08000b9c                __floatundisf
                0x08000bac                __aeabi_l2f
                0x08000bac                __floatdisf
 .text          0x08000c28      0x2a0 d:/clion/arm gnu/12.3 rel1/bin/../lib/gcc/arm-none-eabi/12.3.1/thumb/v7-m/nofp\libgcc.a(_arm_muldivsf3.o)
                0x08000c28                __mulsf3
                0x08000c28                __aeabi_fmul
                0x08000d90                __aeabi_fdiv
                0x08000d90                __divsf3
 .text          0x08000ec8       0x2c d:/clion/arm gnu/12.3 rel1/bin/../lib/gcc/arm-none-eabi/12.3.1/thumb/v7-m/nofp\libgcc.a(_arm_unorddf2.o)
                0x08000ec8                __unorddf2
                0x08000ec8                __aeabi_dcmpun
 *(.text*)
 .text.deregister_tm_clones
                0x08000ef4       0x1c d:/clion/arm gnu/12.3 rel1/bin/../lib/gcc/arm-none-eabi/12.3.1/thumb/v7-m/nofp/crtbegin.o
 .text.register_tm_clones
                0x08000f10       0x24 d:/clion/arm gnu/12.3 rel1/bin/../lib/gcc/arm-none-eabi/12.3.1/thumb/v7-m/nofp/crtbegin.o
 .text.__do_global_dtors_aux
                0x08000f34       0x28 d:/clion/arm gnu/12.3 rel1/bin/../lib/gcc/arm-none-eabi/12.3.1/thumb/v7-m/nofp/crtbegin.o
 .text.frame_dummy
                0x08000f5c       0x24 d:/clion/arm gnu/12.3 rel1/bin/../lib/gcc/arm-none-eabi/12.3.1/thumb/v7-m/nofp/crtbegin.o
 .text.MX_GPIO_Init
                0x08000f80       0xc8 CMakeFiles/5_17test.elf.dir/Core/Src/gpio.c.obj
                0x08000f80                MX_GPIO_Init
 .text.MX_I2C1_Init
                0x08001048       0x3c CMakeFiles/5_17test.elf.dir/Core/Src/i2c.c.obj
                0x08001048                MX_I2C1_Init
 .text.MX_I2C2_Init
                0x08001084       0x3c CMakeFiles/5_17test.elf.dir/Core/Src/i2c.c.obj
                0x08001084                MX_I2C2_Init
 .text.HAL_I2C_MspInit
                0x080010c0       0xc0 CMakeFiles/5_17test.elf.dir/Core/Src/i2c.c.obj
                0x080010c0                HAL_I2C_MspInit
 .text.HAL_TIM_PeriodElapsedCallback
                0x08001180       0x24 CMakeFiles/5_17test.elf.dir/Core/Src/main.c.obj
                0x08001180                HAL_TIM_PeriodElapsedCallback
 .text.Error_Handler
                0x080011a4        0x4 CMakeFiles/5_17test.elf.dir/Core/Src/main.c.obj
                0x080011a4                Error_Handler
 .text.SystemClock_Config
                0x080011a8       0x64 CMakeFiles/5_17test.elf.dir/Core/Src/main.c.obj
                0x080011a8                SystemClock_Config
 *fill*         0x0800120c        0x4 
 .text.main     0x08001210      0x150 CMakeFiles/5_17test.elf.dir/Core/Src/main.c.obj
                0x08001210                main
 .text.MPU6050_Init
                0x08001360       0xa0 CMakeFiles/5_17test.elf.dir/Core/Src/mpu6050.c.obj
                0x08001360                MPU6050_Init
 .text.Kalman_getAngle
                0x08001400      0x202 CMakeFiles/5_17test.elf.dir/Core/Src/mpu6050.c.obj
                0x08001400                Kalman_getAngle
 *fill*         0x08001602        0x6 
 .text.MPU6050_Read_All
                0x08001608      0x29c CMakeFiles/5_17test.elf.dir/Core/Src/mpu6050.c.obj
                0x08001608                MPU6050_Read_All
 .text.HAL_MspInit
                0x080018a4       0x44 CMakeFiles/5_17test.elf.dir/Core/Src/stm32f1xx_hal_msp.c.obj
                0x080018a4                HAL_MspInit
 .text.NMI_Handler
                0x080018e8        0x2 CMakeFiles/5_17test.elf.dir/Core/Src/stm32f1xx_it.c.obj
                0x080018e8                NMI_Handler
 .text.HardFault_Handler
                0x080018ea        0x2 CMakeFiles/5_17test.elf.dir/Core/Src/stm32f1xx_it.c.obj
                0x080018ea                HardFault_Handler
 .text.MemManage_Handler
                0x080018ec        0x2 CMakeFiles/5_17test.elf.dir/Core/Src/stm32f1xx_it.c.obj
                0x080018ec                MemManage_Handler
 .text.BusFault_Handler
                0x080018ee        0x2 CMakeFiles/5_17test.elf.dir/Core/Src/stm32f1xx_it.c.obj
                0x080018ee                BusFault_Handler
 .text.UsageFault_Handler
                0x080018f0        0x2 CMakeFiles/5_17test.elf.dir/Core/Src/stm32f1xx_it.c.obj
                0x080018f0                UsageFault_Handler
 .text.SVC_Handler
                0x080018f2        0x2 CMakeFiles/5_17test.elf.dir/Core/Src/stm32f1xx_it.c.obj
                0x080018f2                SVC_Handler
 .text.DebugMon_Handler
                0x080018f4        0x2 CMakeFiles/5_17test.elf.dir/Core/Src/stm32f1xx_it.c.obj
                0x080018f4                DebugMon_Handler
 .text.PendSV_Handler
                0x080018f6        0x2 CMakeFiles/5_17test.elf.dir/Core/Src/stm32f1xx_it.c.obj
                0x080018f6                PendSV_Handler
 .text.SysTick_Handler
                0x080018f8        0x8 CMakeFiles/5_17test.elf.dir/Core/Src/stm32f1xx_it.c.obj
                0x080018f8                SysTick_Handler
 .text.TIM4_IRQHandler
                0x08001900       0x10 CMakeFiles/5_17test.elf.dir/Core/Src/stm32f1xx_it.c.obj
                0x08001900                TIM4_IRQHandler
 .text.SystemInit
                0x08001910        0x2 CMakeFiles/5_17test.elf.dir/Core/Src/system_stm32f1xx.c.obj
                0x08001910                SystemInit
 *fill*         0x08001912        0x2 
 .text.MX_TIM2_Init
                0x08001914       0x64 CMakeFiles/5_17test.elf.dir/Core/Src/tim.c.obj
                0x08001914                MX_TIM2_Init
 .text.MX_TIM3_Init
                0x08001978       0x64 CMakeFiles/5_17test.elf.dir/Core/Src/tim.c.obj
                0x08001978                MX_TIM3_Init
 .text.MX_TIM4_Init
                0x080019dc       0x70 CMakeFiles/5_17test.elf.dir/Core/Src/tim.c.obj
                0x080019dc                MX_TIM4_Init
 .text.HAL_TIM_Base_MspInit
                0x08001a4c       0x60 CMakeFiles/5_17test.elf.dir/Core/Src/tim.c.obj
                0x08001a4c                HAL_TIM_Base_MspInit
 .text.HAL_TIM_Encoder_MspInit
                0x08001aac       0xb4 CMakeFiles/5_17test.elf.dir/Core/Src/tim.c.obj
                0x08001aac                HAL_TIM_Encoder_MspInit
 .text.HAL_TIM_MspPostInit
                0x08001b60       0x50 CMakeFiles/5_17test.elf.dir/Core/Src/tim.c.obj
                0x08001b60                HAL_TIM_MspPostInit
 .text.MX_TIM1_Init
                0x08001bb0      0x130 CMakeFiles/5_17test.elf.dir/Core/Src/tim.c.obj
                0x08001bb0                MX_TIM1_Init
 .text.MX_USART1_UART_Init
                0x08001ce0       0x34 CMakeFiles/5_17test.elf.dir/Core/Src/usart.c.obj
                0x08001ce0                MX_USART1_UART_Init
 .text.HAL_UART_MspInit
                0x08001d14       0x88 CMakeFiles/5_17test.elf.dir/Core/Src/usart.c.obj
                0x08001d14                HAL_UART_MspInit
 .text.Reset_Handler
                0x08001d9c       0x48 CMakeFiles/5_17test.elf.dir/Core/Startup/startup_stm32f103c8tx.s.obj
                0x08001d9c                Reset_Handler
 .text.Default_Handler
                0x08001de4        0x2 CMakeFiles/5_17test.elf.dir/Core/Startup/startup_stm32f103c8tx.s.obj
                0x08001de4                RTC_Alarm_IRQHandler
                0x08001de4                EXTI2_IRQHandler
                0x08001de4                TIM1_CC_IRQHandler
                0x08001de4                PVD_IRQHandler
                0x08001de4                EXTI3_IRQHandler
                0x08001de4                EXTI0_IRQHandler
                0x08001de4                I2C2_EV_IRQHandler
                0x08001de4                ADC1_2_IRQHandler
                0x08001de4                SPI1_IRQHandler
                0x08001de4                TAMPER_IRQHandler
                0x08001de4                DMA1_Channel4_IRQHandler
                0x08001de4                USART3_IRQHandler
                0x08001de4                RTC_IRQHandler
                0x08001de4                DMA1_Channel7_IRQHandler
                0x08001de4                CAN1_RX1_IRQHandler
                0x08001de4                I2C1_EV_IRQHandler
                0x08001de4                DMA1_Channel6_IRQHandler
                0x08001de4                TIM3_IRQHandler
                0x08001de4                RCC_IRQHandler
                0x08001de4                TIM1_TRG_COM_IRQHandler
                0x08001de4                DMA1_Channel1_IRQHandler
                0x08001de4                Default_Handler
                0x08001de4                EXTI15_10_IRQHandler
                0x08001de4                EXTI9_5_IRQHandler
                0x08001de4                SPI2_IRQHandler
                0x08001de4                DMA1_Channel5_IRQHandler
                0x08001de4                EXTI4_IRQHandler
                0x08001de4                USB_LP_CAN1_RX0_IRQHandler
                0x08001de4                USB_HP_CAN1_TX_IRQHandler
                0x08001de4                DMA1_Channel3_IRQHandler
                0x08001de4                TIM1_UP_IRQHandler
                0x08001de4                WWDG_IRQHandler
                0x08001de4                TIM2_IRQHandler
                0x08001de4                TIM1_BRK_IRQHandler
                0x08001de4                EXTI1_IRQHandler
                0x08001de4                USART2_IRQHandler
                0x08001de4                I2C2_ER_IRQHandler
                0x08001de4                DMA1_Channel2_IRQHandler
                0x08001de4                CAN1_SCE_IRQHandler
                0x08001de4                FLASH_IRQHandler
                0x08001de4                USART1_IRQHandler
                0x08001de4                I2C1_ER_IRQHandler
                0x08001de4                USBWakeUp_IRQHandler
 *fill*         0x08001de6        0x2 
 .text.HAL_InitTick
                0x08001de8       0x4c CMakeFiles/5_17test.elf.dir/Drivers/STM32F1xx_HAL_Driver/Src/stm32f1xx_hal.c.obj
                0x08001de8                HAL_InitTick
 .text.HAL_Init
                0x08001e34       0x24 CMakeFiles/5_17test.elf.dir/Drivers/STM32F1xx_HAL_Driver/Src/stm32f1xx_hal.c.obj
                0x08001e34                HAL_Init
 .text.HAL_IncTick
                0x08001e58       0x18 CMakeFiles/5_17test.elf.dir/Drivers/STM32F1xx_HAL_Driver/Src/stm32f1xx_hal.c.obj
                0x08001e58                HAL_IncTick
 .text.HAL_GetTick
                0x08001e70        0xc CMakeFiles/5_17test.elf.dir/Drivers/STM32F1xx_HAL_Driver/Src/stm32f1xx_hal.c.obj
                0x08001e70                HAL_GetTick
 .text.HAL_Delay
                0x08001e7c       0x28 CMakeFiles/5_17test.elf.dir/Drivers/STM32F1xx_HAL_Driver/Src/stm32f1xx_hal.c.obj
                0x08001e7c                HAL_Delay
 .text.__NVIC_SetPriority
                0x08001ea4       0x28 CMakeFiles/5_17test.elf.dir/Drivers/STM32F1xx_HAL_Driver/Src/stm32f1xx_hal_cortex.c.obj
 .text.NVIC_EncodePriority
                0x08001ecc       0x3e CMakeFiles/5_17test.elf.dir/Drivers/STM32F1xx_HAL_Driver/Src/stm32f1xx_hal_cortex.c.obj
 *fill*         0x08001f0a        0x2 
 .text.HAL_NVIC_SetPriorityGrouping
                0x08001f0c       0x24 CMakeFiles/5_17test.elf.dir/Drivers/STM32F1xx_HAL_Driver/Src/stm32f1xx_hal_cortex.c.obj
                0x08001f0c                HAL_NVIC_SetPriorityGrouping
 .text.HAL_NVIC_SetPriority
                0x08001f30       0x20 CMakeFiles/5_17test.elf.dir/Drivers/STM32F1xx_HAL_Driver/Src/stm32f1xx_hal_cortex.c.obj
                0x08001f30                HAL_NVIC_SetPriority
 .text.HAL_NVIC_EnableIRQ
                0x08001f50       0x1c CMakeFiles/5_17test.elf.dir/Drivers/STM32F1xx_HAL_Driver/Src/stm32f1xx_hal_cortex.c.obj
                0x08001f50                HAL_NVIC_EnableIRQ
 .text.HAL_SYSTICK_Config
                0x08001f6c       0x28 CMakeFiles/5_17test.elf.dir/Drivers/STM32F1xx_HAL_Driver/Src/stm32f1xx_hal_cortex.c.obj
                0x08001f6c                HAL_SYSTICK_Config
 .text.HAL_GPIO_Init
                0x08001f94      0x21c CMakeFiles/5_17test.elf.dir/Drivers/STM32F1xx_HAL_Driver/Src/stm32f1xx_hal_gpio.c.obj
                0x08001f94                HAL_GPIO_Init
 .text.HAL_GPIO_WritePin
                0x080021b0        0xc CMakeFiles/5_17test.elf.dir/Drivers/STM32F1xx_HAL_Driver/Src/stm32f1xx_hal_gpio.c.obj
                0x080021b0                HAL_GPIO_WritePin
 .text.I2C_IsAcknowledgeFailed
                0x080021bc       0x32 CMakeFiles/5_17test.elf.dir/Drivers/STM32F1xx_HAL_Driver/Src/stm32f1xx_hal_i2c.c.obj
 .text.I2C_WaitOnFlagUntilTimeout
                0x080021ee       0xaa CMakeFiles/5_17test.elf.dir/Drivers/STM32F1xx_HAL_Driver/Src/stm32f1xx_hal_i2c.c.obj
 .text.I2C_WaitOnMasterAddressFlagUntilTimeout
                0x08002298       0xd6 CMakeFiles/5_17test.elf.dir/Drivers/STM32F1xx_HAL_Driver/Src/stm32f1xx_hal_i2c.c.obj
 .text.I2C_WaitOnTXEFlagUntilTimeout
                0x0800236e       0x5e CMakeFiles/5_17test.elf.dir/Drivers/STM32F1xx_HAL_Driver/Src/stm32f1xx_hal_i2c.c.obj
 .text.I2C_RequestMemoryWrite
                0x080023cc       0xd8 CMakeFiles/5_17test.elf.dir/Drivers/STM32F1xx_HAL_Driver/Src/stm32f1xx_hal_i2c.c.obj
 .text.I2C_RequestMemoryRead
                0x080024a4      0x154 CMakeFiles/5_17test.elf.dir/Drivers/STM32F1xx_HAL_Driver/Src/stm32f1xx_hal_i2c.c.obj
 .text.I2C_WaitOnBTFFlagUntilTimeout
                0x080025f8       0x5e CMakeFiles/5_17test.elf.dir/Drivers/STM32F1xx_HAL_Driver/Src/stm32f1xx_hal_i2c.c.obj
 .text.I2C_WaitOnRXNEFlagUntilTimeout
                0x08002656       0x78 CMakeFiles/5_17test.elf.dir/Drivers/STM32F1xx_HAL_Driver/Src/stm32f1xx_hal_i2c.c.obj
 *fill*         0x080026ce        0x2 
 .text.HAL_I2C_Init
                0x080026d0      0x1bc CMakeFiles/5_17test.elf.dir/Drivers/STM32F1xx_HAL_Driver/Src/stm32f1xx_hal_i2c.c.obj
                0x080026d0                HAL_I2C_Init
 .text.HAL_I2C_Mem_Write
                0x0800288c      0x164 CMakeFiles/5_17test.elf.dir/Drivers/STM32F1xx_HAL_Driver/Src/stm32f1xx_hal_i2c.c.obj
                0x0800288c                HAL_I2C_Mem_Write
 .text.HAL_I2C_Mem_Read
                0x080029f0      0x348 CMakeFiles/5_17test.elf.dir/Drivers/STM32F1xx_HAL_Driver/Src/stm32f1xx_hal_i2c.c.obj
                0x080029f0                HAL_I2C_Mem_Read
 .text.RCC_Delay
                0x08002d38       0x2c CMakeFiles/5_17test.elf.dir/Drivers/STM32F1xx_HAL_Driver/Src/stm32f1xx_hal_rcc.c.obj
 .text.HAL_RCC_OscConfig
                0x08002d64      0x410 CMakeFiles/5_17test.elf.dir/Drivers/STM32F1xx_HAL_Driver/Src/stm32f1xx_hal_rcc.c.obj
                0x08002d64                HAL_RCC_OscConfig
 .text.HAL_RCC_GetSysClockFreq
                0x08003174       0x54 CMakeFiles/5_17test.elf.dir/Drivers/STM32F1xx_HAL_Driver/Src/stm32f1xx_hal_rcc.c.obj
                0x08003174                HAL_RCC_GetSysClockFreq
 .text.HAL_RCC_ClockConfig
                0x080031c8      0x16c CMakeFiles/5_17test.elf.dir/Drivers/STM32F1xx_HAL_Driver/Src/stm32f1xx_hal_rcc.c.obj
                0x080031c8                HAL_RCC_ClockConfig
 .text.HAL_RCC_GetHCLKFreq
                0x08003334        0xc CMakeFiles/5_17test.elf.dir/Drivers/STM32F1xx_HAL_Driver/Src/stm32f1xx_hal_rcc.c.obj
                0x08003334                HAL_RCC_GetHCLKFreq
 .text.HAL_RCC_GetPCLK1Freq
                0x08003340       0x20 CMakeFiles/5_17test.elf.dir/Drivers/STM32F1xx_HAL_Driver/Src/stm32f1xx_hal_rcc.c.obj
                0x08003340                HAL_RCC_GetPCLK1Freq
 .text.HAL_RCC_GetPCLK2Freq
                0x08003360       0x20 CMakeFiles/5_17test.elf.dir/Drivers/STM32F1xx_HAL_Driver/Src/stm32f1xx_hal_rcc.c.obj
                0x08003360                HAL_RCC_GetPCLK2Freq
 .text.TIM_OC1_SetConfig
                0x08003380       0x54 CMakeFiles/5_17test.elf.dir/Drivers/STM32F1xx_HAL_Driver/Src/stm32f1xx_hal_tim.c.obj
 .text.TIM_OC3_SetConfig
                0x080033d4       0x5c CMakeFiles/5_17test.elf.dir/Drivers/STM32F1xx_HAL_Driver/Src/stm32f1xx_hal_tim.c.obj
 .text.TIM_OC4_SetConfig
                0x08003430       0x48 CMakeFiles/5_17test.elf.dir/Drivers/STM32F1xx_HAL_Driver/Src/stm32f1xx_hal_tim.c.obj
 .text.TIM_TI1_ConfigInputStage
                0x08003478       0x24 CMakeFiles/5_17test.elf.dir/Drivers/STM32F1xx_HAL_Driver/Src/stm32f1xx_hal_tim.c.obj
 .text.TIM_TI2_ConfigInputStage
                0x0800349c       0x26 CMakeFiles/5_17test.elf.dir/Drivers/STM32F1xx_HAL_Driver/Src/stm32f1xx_hal_tim.c.obj
 .text.TIM_ITRx_SetConfig
                0x080034c2       0x10 CMakeFiles/5_17test.elf.dir/Drivers/STM32F1xx_HAL_Driver/Src/stm32f1xx_hal_tim.c.obj
 *fill*         0x080034d2        0x2 
 .text.HAL_TIM_Base_Start_IT
                0x080034d4       0x68 CMakeFiles/5_17test.elf.dir/Drivers/STM32F1xx_HAL_Driver/Src/stm32f1xx_hal_tim.c.obj
                0x080034d4                HAL_TIM_Base_Start_IT
 .text.HAL_TIM_PWM_MspInit
                0x0800353c        0x2 CMakeFiles/5_17test.elf.dir/Drivers/STM32F1xx_HAL_Driver/Src/stm32f1xx_hal_tim.c.obj
                0x0800353c                HAL_TIM_PWM_MspInit
 .text.HAL_TIM_OC_DelayElapsedCallback
                0x0800353e        0x2 CMakeFiles/5_17test.elf.dir/Drivers/STM32F1xx_HAL_Driver/Src/stm32f1xx_hal_tim.c.obj
                0x0800353e                HAL_TIM_OC_DelayElapsedCallback
 .text.HAL_TIM_IC_CaptureCallback
                0x08003540        0x2 CMakeFiles/5_17test.elf.dir/Drivers/STM32F1xx_HAL_Driver/Src/stm32f1xx_hal_tim.c.obj
                0x08003540                HAL_TIM_IC_CaptureCallback
 .text.HAL_TIM_PWM_PulseFinishedCallback
                0x08003542        0x2 CMakeFiles/5_17test.elf.dir/Drivers/STM32F1xx_HAL_Driver/Src/stm32f1xx_hal_tim.c.obj
                0x08003542                HAL_TIM_PWM_PulseFinishedCallback
 .text.HAL_TIM_TriggerCallback
                0x08003544        0x2 CMakeFiles/5_17test.elf.dir/Drivers/STM32F1xx_HAL_Driver/Src/stm32f1xx_hal_tim.c.obj
                0x08003544                HAL_TIM_TriggerCallback
 .text.HAL_TIM_IRQHandler
                0x08003546      0x17a CMakeFiles/5_17test.elf.dir/Drivers/STM32F1xx_HAL_Driver/Src/stm32f1xx_hal_tim.c.obj
                0x08003546                HAL_TIM_IRQHandler
 .text.TIM_Base_SetConfig
                0x080036c0       0x74 CMakeFiles/5_17test.elf.dir/Drivers/STM32F1xx_HAL_Driver/Src/stm32f1xx_hal_tim.c.obj
                0x080036c0                TIM_Base_SetConfig
 .text.HAL_TIM_Base_Init
                0x08003734       0x58 CMakeFiles/5_17test.elf.dir/Drivers/STM32F1xx_HAL_Driver/Src/stm32f1xx_hal_tim.c.obj
                0x08003734                HAL_TIM_Base_Init
 .text.HAL_TIM_PWM_Init
                0x0800378c       0x58 CMakeFiles/5_17test.elf.dir/Drivers/STM32F1xx_HAL_Driver/Src/stm32f1xx_hal_tim.c.obj
                0x0800378c                HAL_TIM_PWM_Init
 .text.HAL_TIM_Encoder_Init
                0x080037e4       0xb6 CMakeFiles/5_17test.elf.dir/Drivers/STM32F1xx_HAL_Driver/Src/stm32f1xx_hal_tim.c.obj
                0x080037e4                HAL_TIM_Encoder_Init
 *fill*         0x0800389a        0x2 
 .text.TIM_OC2_SetConfig
                0x0800389c       0x5c CMakeFiles/5_17test.elf.dir/Drivers/STM32F1xx_HAL_Driver/Src/stm32f1xx_hal_tim.c.obj
                0x0800389c                TIM_OC2_SetConfig
 .text.HAL_TIM_PWM_ConfigChannel
                0x080038f8       0xdc CMakeFiles/5_17test.elf.dir/Drivers/STM32F1xx_HAL_Driver/Src/stm32f1xx_hal_tim.c.obj
                0x080038f8                HAL_TIM_PWM_ConfigChannel
 .text.TIM_ETR_SetConfig
                0x080039d4       0x18 CMakeFiles/5_17test.elf.dir/Drivers/STM32F1xx_HAL_Driver/Src/stm32f1xx_hal_tim.c.obj
                0x080039d4                TIM_ETR_SetConfig
 .text.HAL_TIM_ConfigClockSource
                0x080039ec       0xfe CMakeFiles/5_17test.elf.dir/Drivers/STM32F1xx_HAL_Driver/Src/stm32f1xx_hal_tim.c.obj
                0x080039ec                HAL_TIM_ConfigClockSource
 .text.TIM_SlaveTimer_SetConfig
                0x08003aea       0xb8 CMakeFiles/5_17test.elf.dir/Drivers/STM32F1xx_HAL_Driver/Src/stm32f1xx_hal_tim.c.obj
 .text.HAL_TIM_SlaveConfigSynchro
                0x08003ba2       0x52 CMakeFiles/5_17test.elf.dir/Drivers/STM32F1xx_HAL_Driver/Src/stm32f1xx_hal_tim.c.obj
                0x08003ba2                HAL_TIM_SlaveConfigSynchro
 .text.TIM_CCxChannelCmd
                0x08003bf4       0x1e CMakeFiles/5_17test.elf.dir/Drivers/STM32F1xx_HAL_Driver/Src/stm32f1xx_hal_tim.c.obj
                0x08003bf4                TIM_CCxChannelCmd
 *fill*         0x08003c12        0x2 
 .text.HAL_TIM_PWM_Start
                0x08003c14       0xdc CMakeFiles/5_17test.elf.dir/Drivers/STM32F1xx_HAL_Driver/Src/stm32f1xx_hal_tim.c.obj
                0x08003c14                HAL_TIM_PWM_Start
 .text.HAL_TIM_Encoder_Start
                0x08003cf0       0xcc CMakeFiles/5_17test.elf.dir/Drivers/STM32F1xx_HAL_Driver/Src/stm32f1xx_hal_tim.c.obj
                0x08003cf0                HAL_TIM_Encoder_Start
 .text.HAL_TIMEx_MasterConfigSynchronization
                0x08003dbc       0x6c CMakeFiles/5_17test.elf.dir/Drivers/STM32F1xx_HAL_Driver/Src/stm32f1xx_hal_tim_ex.c.obj
                0x08003dbc                HAL_TIMEx_MasterConfigSynchronization
 .text.HAL_TIMEx_ConfigBreakDeadTime
                0x08003e28       0x52 CMakeFiles/5_17test.elf.dir/Drivers/STM32F1xx_HAL_Driver/Src/stm32f1xx_hal_tim_ex.c.obj
                0x08003e28                HAL_TIMEx_ConfigBreakDeadTime
 .text.HAL_TIMEx_CommutCallback
                0x08003e7a        0x2 CMakeFiles/5_17test.elf.dir/Drivers/STM32F1xx_HAL_Driver/Src/stm32f1xx_hal_tim_ex.c.obj
                0x08003e7a                HAL_TIMEx_CommutCallback
 .text.HAL_TIMEx_BreakCallback
                0x08003e7c        0x2 CMakeFiles/5_17test.elf.dir/Drivers/STM32F1xx_HAL_Driver/Src/stm32f1xx_hal_tim_ex.c.obj
                0x08003e7c                HAL_TIMEx_BreakCallback
 *fill*         0x08003e7e        0x2 
 .text.UART_SetConfig
                0x08003e80       0x94 CMakeFiles/5_17test.elf.dir/Drivers/STM32F1xx_HAL_Driver/Src/stm32f1xx_hal_uart.c.obj
 .text.HAL_UART_Init
                0x08003f14       0x60 CMakeFiles/5_17test.elf.dir/Drivers/STM32F1xx_HAL_Driver/Src/stm32f1xx_hal_uart.c.obj
                0x08003f14                HAL_UART_Init
 .text.memset   0x08003f74       0xa0 d:/clion/arm gnu/12.3 rel1/bin/../lib/gcc/arm-none-eabi/12.3.1/thumb/v7-m/nofp\libg.a(libc_a-memset.o)
                0x08003f74                memset
 .text.__errno  0x08004014        0xc d:/clion/arm gnu/12.3 rel1/bin/../lib/gcc/arm-none-eabi/12.3.1/thumb/v7-m/nofp\libg.a(libc_a-errno.o)
                0x08004014                __errno
 .text.__libc_init_array
                0x08004020       0x50 d:/clion/arm gnu/12.3 rel1/bin/../lib/gcc/arm-none-eabi/12.3.1/thumb/v7-m/nofp\libg.a(libc_a-init.o)
                0x08004020                __libc_init_array
 .text.__retarget_lock_acquire_recursive
                0x08004070        0x4 d:/clion/arm gnu/12.3 rel1/bin/../lib/gcc/arm-none-eabi/12.3.1/thumb/v7-m/nofp\libg.a(libc_a-lock.o)
                0x08004070                __retarget_lock_acquire_recursive
 .text.__retarget_lock_release_recursive
                0x08004074        0x4 d:/clion/arm gnu/12.3 rel1/bin/../lib/gcc/arm-none-eabi/12.3.1/thumb/v7-m/nofp\libg.a(libc_a-lock.o)
                0x08004074                __retarget_lock_release_recursive
 .text.startup.register_fini
                0x08004078       0x14 d:/clion/arm gnu/12.3 rel1/bin/../lib/gcc/arm-none-eabi/12.3.1/thumb/v7-m/nofp\libg.a(libc_a-__call_atexit.o)
 .text.atexit   0x0800408c        0xc d:/clion/arm gnu/12.3 rel1/bin/../lib/gcc/arm-none-eabi/12.3.1/thumb/v7-m/nofp\libg.a(libc_a-atexit.o)
                0x0800408c                atexit
 .text.__libc_fini_array
                0x08004098       0x28 d:/clion/arm gnu/12.3 rel1/bin/../lib/gcc/arm-none-eabi/12.3.1/thumb/v7-m/nofp\libg.a(libc_a-fini.o)
                0x08004098                __libc_fini_array
 .text.__register_exitproc
                0x080040c0       0x80 d:/clion/arm gnu/12.3 rel1/bin/../lib/gcc/arm-none-eabi/12.3.1/thumb/v7-m/nofp\libg.a(libc_a-__atexit.o)
                0x080040c0                __register_exitproc
 .text.atan2    0x08004140        0x4 d:/clion/arm gnu/12.3 rel1/bin/../lib/gcc/arm-none-eabi/12.3.1/thumb/v7-m/nofp\libm.a(libm_a-w_atan2.o)
                0x08004140                atan2
 .text.sqrt     0x08004144       0x50 d:/clion/arm gnu/12.3 rel1/bin/../lib/gcc/arm-none-eabi/12.3.1/thumb/v7-m/nofp\libm.a(libm_a-w_sqrt.o)
                0x08004144                sqrt
 *fill*         0x08004194        0x4 
 .text.atan     0x08004198      0x308 d:/clion/arm gnu/12.3 rel1/bin/../lib/gcc/arm-none-eabi/12.3.1/thumb/v7-m/nofp\libm.a(libm_a-s_atan.o)
                0x08004198                atan
 .text.fabs     0x080044a0        0x8 d:/clion/arm gnu/12.3 rel1/bin/../lib/gcc/arm-none-eabi/12.3.1/thumb/v7-m/nofp\libm.a(libm_a-s_fabs.o)
                0x080044a0                fabs
 .text.__ieee754_sqrt
                0x080044a8      0x1dc d:/clion/arm gnu/12.3 rel1/bin/../lib/gcc/arm-none-eabi/12.3.1/thumb/v7-m/nofp\libm.a(libm_a-e_sqrt.o)
                0x080044a8                __ieee754_sqrt
 *fill*         0x08004684        0x4 
 .text.__ieee754_atan2
                0x08004688      0x194 d:/clion/arm gnu/12.3 rel1/bin/../lib/gcc/arm-none-eabi/12.3.1/thumb/v7-m/nofp\libm.a(libm_a-e_atan2.o)
                0x08004688                __ieee754_atan2
 *(.glue_7)
 .glue_7        0x0800481c        0x0 linker stubs
 *(.glue_7t)
 .glue_7t       0x0800481c        0x0 linker stubs
 *(.eh_frame)
 .eh_frame      0x0800481c        0x0 d:/clion/arm gnu/12.3 rel1/bin/../lib/gcc/arm-none-eabi/12.3.1/thumb/v7-m/nofp/crtbegin.o
 *(.init)
 .init          0x0800481c        0x4 d:/clion/arm gnu/12.3 rel1/bin/../lib/gcc/arm-none-eabi/12.3.1/thumb/v7-m/nofp/crti.o
                0x0800481c                _init
 .init          0x08004820        0x8 d:/clion/arm gnu/12.3 rel1/bin/../lib/gcc/arm-none-eabi/12.3.1/thumb/v7-m/nofp/crtn.o
 *(.fini)
 .fini          0x08004828        0x4 d:/clion/arm gnu/12.3 rel1/bin/../lib/gcc/arm-none-eabi/12.3.1/thumb/v7-m/nofp/crti.o
                0x08004828                _fini
 .fini          0x0800482c        0x8 d:/clion/arm gnu/12.3 rel1/bin/../lib/gcc/arm-none-eabi/12.3.1/thumb/v7-m/nofp/crtn.o
                0x08004834                        . = ALIGN (0x4)
                0x08004834                        _etext = .

.vfp11_veneer   0x08004834        0x0
 .vfp11_veneer  0x08004834        0x0 linker stubs

.v4_bx          0x08004834        0x0
 .v4_bx         0x08004834        0x0 linker stubs

.iplt           0x08004834        0x0
 .iplt          0x08004834        0x0 d:/clion/arm gnu/12.3 rel1/bin/../lib/gcc/arm-none-eabi/12.3.1/thumb/v7-m/nofp/crtbegin.o

.rodata         0x08004838       0xa0
                0x08004838                        . = ALIGN (0x4)
 *(.rodata)
 *(.rodata*)
 .rodata.APBPrescTable
                0x08004838        0x8 CMakeFiles/5_17test.elf.dir/Core/Src/system_stm32f1xx.c.obj
                0x08004838                APBPrescTable
 .rodata.AHBPrescTable
                0x08004840       0x10 CMakeFiles/5_17test.elf.dir/Core/Src/system_stm32f1xx.c.obj
                0x08004840                AHBPrescTable
 .rodata.aPredivFactorTable.0
                0x08004850        0x2 CMakeFiles/5_17test.elf.dir/Drivers/STM32F1xx_HAL_Driver/Src/stm32f1xx_hal_rcc.c.obj
 *fill*         0x08004852        0x2 
 .rodata.aPLLMULFactorTable.1
                0x08004854       0x10 CMakeFiles/5_17test.elf.dir/Drivers/STM32F1xx_HAL_Driver/Src/stm32f1xx_hal_rcc.c.obj
 *fill*         0x08004864        0x4 
 .rodata.atanlo
                0x08004868       0x20 d:/clion/arm gnu/12.3 rel1/bin/../lib/gcc/arm-none-eabi/12.3.1/thumb/v7-m/nofp\libm.a(libm_a-s_atan.o)
 .rodata.atanhi
                0x08004888       0x20 d:/clion/arm gnu/12.3 rel1/bin/../lib/gcc/arm-none-eabi/12.3.1/thumb/v7-m/nofp\libm.a(libm_a-s_atan.o)
 .rodata.CSWTCH.9
                0x080048a8       0x18 d:/clion/arm gnu/12.3 rel1/bin/../lib/gcc/arm-none-eabi/12.3.1/thumb/v7-m/nofp\libm.a(libm_a-e_atan2.o)
 .rodata.CSWTCH.8
                0x080048c0       0x18 d:/clion/arm gnu/12.3 rel1/bin/../lib/gcc/arm-none-eabi/12.3.1/thumb/v7-m/nofp\libm.a(libm_a-e_atan2.o)
                0x080048d8                        . = ALIGN (0x4)

.rel.dyn        0x080048d8        0x0
 .rel.iplt      0x080048d8        0x0 d:/clion/arm gnu/12.3 rel1/bin/../lib/gcc/arm-none-eabi/12.3.1/thumb/v7-m/nofp/crtbegin.o

.ARM.extab      0x080048d8        0x0
                0x080048d8                        . = ALIGN (0x4)
 *(.ARM.extab* .gnu.linkonce.armextab.*)
                0x080048d8                        . = ALIGN (0x4)

.ARM            0x080048d8        0x0
                0x080048d8                        . = ALIGN (0x4)
                0x080048d8                        __exidx_start = .
 *(.ARM.exidx*)
                0x080048d8                        __exidx_end = .
                0x080048d8                        . = ALIGN (0x4)

.preinit_array  0x080048d8        0x0
                0x080048d8                        . = ALIGN (0x4)
                0x080048d8                        PROVIDE (__preinit_array_start = .)
 *(.preinit_array*)
                0x080048d8                        PROVIDE (__preinit_array_end = .)
                0x080048d8                        . = ALIGN (0x4)

.init_array     0x080048d8        0x8
                0x080048d8                        . = ALIGN (0x4)
                0x080048d8                        PROVIDE (__init_array_start = .)
 *(SORT_BY_NAME(.init_array.*))
 .init_array.00000
                0x080048d8        0x4 d:/clion/arm gnu/12.3 rel1/bin/../lib/gcc/arm-none-eabi/12.3.1/thumb/v7-m/nofp\libg.a(libc_a-__call_atexit.o)
 *(.init_array*)
 .init_array    0x080048dc        0x4 d:/clion/arm gnu/12.3 rel1/bin/../lib/gcc/arm-none-eabi/12.3.1/thumb/v7-m/nofp/crtbegin.o
                0x080048e0                        PROVIDE (__init_array_end = .)
                0x080048e0                        . = ALIGN (0x4)

.fini_array     0x080048e0        0x4
                0x080048e0                        . = ALIGN (0x4)
                0x080048e0                        PROVIDE (__fini_array_start = .)
 *(SORT_BY_NAME(.fini_array.*))
 *(.fini_array*)
 .fini_array    0x080048e0        0x4 d:/clion/arm gnu/12.3 rel1/bin/../lib/gcc/arm-none-eabi/12.3.1/thumb/v7-m/nofp/crtbegin.o
                0x080048e4                        PROVIDE (__fini_array_end = .)
                0x080048e4                        . = ALIGN (0x4)
                0x080048e4                        _sidata = LOADADDR (.data)

.data           0x20000000      0x1d8 load address 0x080048e4
                0x20000000                        . = ALIGN (0x4)
                0x20000000                        _sdata = .
 *(.data)
 *(.data*)
 .data.KalmanY  0x20000000       0x48 CMakeFiles/5_17test.elf.dir/Core/Src/mpu6050.c.obj
                0x20000000                KalmanY
 .data.KalmanX  0x20000048       0x48 CMakeFiles/5_17test.elf.dir/Core/Src/mpu6050.c.obj
                0x20000048                KalmanX
 .data.SystemCoreClock
                0x20000090        0x4 CMakeFiles/5_17test.elf.dir/Core/Src/system_stm32f1xx.c.obj
                0x20000090                SystemCoreClock
 .data.uwTickFreq
                0x20000094        0x1 CMakeFiles/5_17test.elf.dir/Drivers/STM32F1xx_HAL_Driver/Src/stm32f1xx_hal.c.obj
                0x20000094                uwTickFreq
 *fill*         0x20000095        0x3 
 .data.uwTickPrio
                0x20000098        0x4 CMakeFiles/5_17test.elf.dir/Drivers/STM32F1xx_HAL_Driver/Src/stm32f1xx_hal.c.obj
                0x20000098                uwTickPrio
 .data._impure_ptr
                0x2000009c        0x4 d:/clion/arm gnu/12.3 rel1/bin/../lib/gcc/arm-none-eabi/12.3.1/thumb/v7-m/nofp\libg.a(libc_a-impure.o)
                0x2000009c                _impure_ptr
 .data._impure_data
                0x200000a0      0x120 d:/clion/arm gnu/12.3 rel1/bin/../lib/gcc/arm-none-eabi/12.3.1/thumb/v7-m/nofp\libg.a(libc_a-impure.o)
                0x200000a0                _impure_data
 .data.__atexit_recursive_mutex
                0x200001c0        0x4 d:/clion/arm gnu/12.3 rel1/bin/../lib/gcc/arm-none-eabi/12.3.1/thumb/v7-m/nofp\libg.a(libc_a-__call_atexit.o)
                0x200001c0                __atexit_recursive_mutex
 *fill*         0x200001c4        0x4 
 .data.tiny     0x200001c8        0x8 d:/clion/arm gnu/12.3 rel1/bin/../lib/gcc/arm-none-eabi/12.3.1/thumb/v7-m/nofp\libm.a(libm_a-e_sqrt.o)
 .data.one      0x200001d0        0x8 d:/clion/arm gnu/12.3 rel1/bin/../lib/gcc/arm-none-eabi/12.3.1/thumb/v7-m/nofp\libm.a(libm_a-e_sqrt.o)
 *(.RamFunc)
 *(.RamFunc*)
                0x200001d8                        . = ALIGN (0x4)
                0x200001d8                        _edata = .

.tm_clone_table
                0x200001d8        0x0 load address 0x08004abc
 .tm_clone_table
                0x200001d8        0x0 d:/clion/arm gnu/12.3 rel1/bin/../lib/gcc/arm-none-eabi/12.3.1/thumb/v7-m/nofp/crtbegin.o
 .tm_clone_table
                0x200001d8        0x0 d:/clion/arm gnu/12.3 rel1/bin/../lib/gcc/arm-none-eabi/12.3.1/thumb/v7-m/nofp/crtend.o

.igot.plt       0x200001d8        0x0 load address 0x08004abc
 .igot.plt      0x200001d8        0x0 d:/clion/arm gnu/12.3 rel1/bin/../lib/gcc/arm-none-eabi/12.3.1/thumb/v7-m/nofp/crtbegin.o
                0x200001d8                        . = ALIGN (0x4)

.bss            0x200001d8      0x568 load address 0x08004abc
                0x200001d8                        _sbss = .
                0x200001d8                        __bss_start__ = _sbss
 *(.bss)
 *(.bss*)
 .bss.completed.1
                0x200001d8        0x1 d:/clion/arm gnu/12.3 rel1/bin/../lib/gcc/arm-none-eabi/12.3.1/thumb/v7-m/nofp/crtbegin.o
 *fill*         0x200001d9        0x3 
 .bss.object.0  0x200001dc       0x18 d:/clion/arm gnu/12.3 rel1/bin/../lib/gcc/arm-none-eabi/12.3.1/thumb/v7-m/nofp/crtbegin.o
 .bss.hi2c2     0x200001f4       0x54 CMakeFiles/5_17test.elf.dir/Core/Src/i2c.c.obj
                0x200001f4                hi2c2
 .bss.hi2c1     0x20000248       0x54 CMakeFiles/5_17test.elf.dir/Core/Src/i2c.c.obj
                0x20000248                hi2c1
 *fill*         0x2000029c        0x4 
 .bss.MPU6050   0x200002a0       0x58 CMakeFiles/5_17test.elf.dir/Core/Src/main.c.obj
                0x200002a0                MPU6050
 .bss.duoji     0x200002f8        0x4 CMakeFiles/5_17test.elf.dir/Core/Src/main.c.obj
                0x200002f8                duoji
 .bss.MotorOutput1
                0x200002fc        0x4 CMakeFiles/5_17test.elf.dir/Core/Src/main.c.obj
                0x200002fc                MotorOutput1
 .bss.timer     0x20000300        0x4 CMakeFiles/5_17test.elf.dir/Core/Src/mpu6050.c.obj
                0x20000300                timer
 .bss.htim4     0x20000304       0x48 CMakeFiles/5_17test.elf.dir/Core/Src/tim.c.obj
                0x20000304                htim4
 .bss.htim3     0x2000034c       0x48 CMakeFiles/5_17test.elf.dir/Core/Src/tim.c.obj
                0x2000034c                htim3
 .bss.htim2     0x20000394       0x48 CMakeFiles/5_17test.elf.dir/Core/Src/tim.c.obj
                0x20000394                htim2
 .bss.htim1     0x200003dc       0x48 CMakeFiles/5_17test.elf.dir/Core/Src/tim.c.obj
                0x200003dc                htim1
 .bss.huart1    0x20000424       0x48 CMakeFiles/5_17test.elf.dir/Core/Src/usart.c.obj
                0x20000424                huart1
 .bss.uwTick    0x2000046c        0x4 CMakeFiles/5_17test.elf.dir/Drivers/STM32F1xx_HAL_Driver/Src/stm32f1xx_hal.c.obj
                0x2000046c                uwTick
 .bss.__sf      0x20000470      0x138 d:/clion/arm gnu/12.3 rel1/bin/../lib/gcc/arm-none-eabi/12.3.1/thumb/v7-m/nofp\libg.a(libc_a-findfp.o)
                0x20000470                __sf
 .bss.__lock___atexit_recursive_mutex
                0x200005a8        0x1 d:/clion/arm gnu/12.3 rel1/bin/../lib/gcc/arm-none-eabi/12.3.1/thumb/v7-m/nofp\libg.a(libc_a-lock.o)
                0x200005a8                __lock___atexit_recursive_mutex
 *fill*         0x200005a9        0x3 
 .bss.__atexit  0x200005ac        0x4 d:/clion/arm gnu/12.3 rel1/bin/../lib/gcc/arm-none-eabi/12.3.1/thumb/v7-m/nofp\libg.a(libc_a-__call_atexit.o)
                0x200005ac                __atexit
 .bss.__atexit0
                0x200005b0      0x190 d:/clion/arm gnu/12.3 rel1/bin/../lib/gcc/arm-none-eabi/12.3.1/thumb/v7-m/nofp\libg.a(libc_a-__atexit.o)
                0x200005b0                __atexit0
 *(COMMON)
                0x20000740                        . = ALIGN (0x4)
                0x20000740                        _ebss = .
                0x20000740                        __bss_end__ = _ebss

._user_heap_stack
                0x20000740      0x600 load address 0x08004abc
                0x20000740                        . = ALIGN (0x8)
                [!provide]                        PROVIDE (end = .)
                0x20000740                        PROVIDE (_end = .)
                0x20000940                        . = (. + _Min_Heap_Size)
 *fill*         0x20000740      0x200 
                0x20000d40                        . = (. + _Min_Stack_Size)
 *fill*         0x20000940      0x400 
                0x20000d40                        . = ALIGN (0x8)

/DISCARD/
 libc.a(*)
 libm.a(*)
 libgcc.a(*)

.ARM.attributes
                0x00000000       0x29
 *(.ARM.attributes)
 .ARM.attributes
                0x00000000       0x1d d:/clion/arm gnu/12.3 rel1/bin/../lib/gcc/arm-none-eabi/12.3.1/thumb/v7-m/nofp/crti.o
 .ARM.attributes
                0x0000001d       0x2d d:/clion/arm gnu/12.3 rel1/bin/../lib/gcc/arm-none-eabi/12.3.1/thumb/v7-m/nofp/crtbegin.o
 .ARM.attributes
                0x0000004a       0x2d CMakeFiles/5_17test.elf.dir/Core/Src/gpio.c.obj
 .ARM.attributes
                0x00000077       0x2d CMakeFiles/5_17test.elf.dir/Core/Src/i2c.c.obj
 .ARM.attributes
                0x000000a4       0x2d CMakeFiles/5_17test.elf.dir/Core/Src/main.c.obj
 .ARM.attributes
                0x000000d1       0x2d CMakeFiles/5_17test.elf.dir/Core/Src/mpu6050.c.obj
 .ARM.attributes
                0x000000fe       0x2d CMakeFiles/5_17test.elf.dir/Core/Src/stm32f1xx_hal_msp.c.obj
 .ARM.attributes
                0x0000012b       0x2d CMakeFiles/5_17test.elf.dir/Core/Src/stm32f1xx_it.c.obj
 .ARM.attributes
                0x00000158       0x2d CMakeFiles/5_17test.elf.dir/Core/Src/system_stm32f1xx.c.obj
 .ARM.attributes
                0x00000185       0x2d CMakeFiles/5_17test.elf.dir/Core/Src/tim.c.obj
 .ARM.attributes
                0x000001b2       0x2d CMakeFiles/5_17test.elf.dir/Core/Src/usart.c.obj
 .ARM.attributes
                0x000001df       0x21 CMakeFiles/5_17test.elf.dir/Core/Startup/startup_stm32f103c8tx.s.obj
 .ARM.attributes
                0x00000200       0x2d CMakeFiles/5_17test.elf.dir/Drivers/STM32F1xx_HAL_Driver/Src/stm32f1xx_hal.c.obj
 .ARM.attributes
                0x0000022d       0x2d CMakeFiles/5_17test.elf.dir/Drivers/STM32F1xx_HAL_Driver/Src/stm32f1xx_hal_cortex.c.obj
 .ARM.attributes
                0x0000025a       0x2d CMakeFiles/5_17test.elf.dir/Drivers/STM32F1xx_HAL_Driver/Src/stm32f1xx_hal_gpio.c.obj
 .ARM.attributes
                0x00000287       0x2d CMakeFiles/5_17test.elf.dir/Drivers/STM32F1xx_HAL_Driver/Src/stm32f1xx_hal_i2c.c.obj
 .ARM.attributes
                0x000002b4       0x2d CMakeFiles/5_17test.elf.dir/Drivers/STM32F1xx_HAL_Driver/Src/stm32f1xx_hal_rcc.c.obj
 .ARM.attributes
                0x000002e1       0x2d CMakeFiles/5_17test.elf.dir/Drivers/STM32F1xx_HAL_Driver/Src/stm32f1xx_hal_tim.c.obj
 .ARM.attributes
                0x0000030e       0x2d CMakeFiles/5_17test.elf.dir/Drivers/STM32F1xx_HAL_Driver/Src/stm32f1xx_hal_tim_ex.c.obj
 .ARM.attributes
                0x0000033b       0x2d CMakeFiles/5_17test.elf.dir/Drivers/STM32F1xx_HAL_Driver/Src/stm32f1xx_hal_uart.c.obj
 .ARM.attributes
                0x00000368       0x1d d:/clion/arm gnu/12.3 rel1/bin/../lib/gcc/arm-none-eabi/12.3.1/thumb/v7-m/nofp\libgcc.a(_arm_addsubdf3.o)
 .ARM.attributes
                0x00000385       0x1d d:/clion/arm gnu/12.3 rel1/bin/../lib/gcc/arm-none-eabi/12.3.1/thumb/v7-m/nofp\libgcc.a(_arm_muldivdf3.o)
 .ARM.attributes
                0x000003a2       0x1d d:/clion/arm gnu/12.3 rel1/bin/../lib/gcc/arm-none-eabi/12.3.1/thumb/v7-m/nofp\libgcc.a(_arm_cmpdf2.o)
 .ARM.attributes
                0x000003bf       0x1d d:/clion/arm gnu/12.3 rel1/bin/../lib/gcc/arm-none-eabi/12.3.1/thumb/v7-m/nofp\libgcc.a(_arm_fixdfsi.o)
 .ARM.attributes
                0x000003dc       0x1d d:/clion/arm gnu/12.3 rel1/bin/../lib/gcc/arm-none-eabi/12.3.1/thumb/v7-m/nofp\libgcc.a(_arm_addsubsf3.o)
 .ARM.attributes
                0x000003f9       0x1d d:/clion/arm gnu/12.3 rel1/bin/../lib/gcc/arm-none-eabi/12.3.1/thumb/v7-m/nofp\libgcc.a(_arm_muldivsf3.o)
 .ARM.attributes
                0x00000416       0x2d d:/clion/arm gnu/12.3 rel1/bin/../lib/gcc/arm-none-eabi/12.3.1/thumb/v7-m/nofp\libg.a(libc_a-findfp.o)
 .ARM.attributes
                0x00000443       0x2d d:/clion/arm gnu/12.3 rel1/bin/../lib/gcc/arm-none-eabi/12.3.1/thumb/v7-m/nofp\libg.a(libc_a-memset.o)
 .ARM.attributes
                0x00000470       0x2d d:/clion/arm gnu/12.3 rel1/bin/../lib/gcc/arm-none-eabi/12.3.1/thumb/v7-m/nofp\libg.a(libc_a-impure.o)
 .ARM.attributes
                0x0000049d       0x2d d:/clion/arm gnu/12.3 rel1/bin/../lib/gcc/arm-none-eabi/12.3.1/thumb/v7-m/nofp\libg.a(libc_a-errno.o)
 .ARM.attributes
                0x000004ca       0x2d d:/clion/arm gnu/12.3 rel1/bin/../lib/gcc/arm-none-eabi/12.3.1/thumb/v7-m/nofp\libg.a(libc_a-init.o)
 .ARM.attributes
                0x000004f7       0x2d d:/clion/arm gnu/12.3 rel1/bin/../lib/gcc/arm-none-eabi/12.3.1/thumb/v7-m/nofp\libg.a(libc_a-lock.o)
 .ARM.attributes
                0x00000524       0x2d d:/clion/arm gnu/12.3 rel1/bin/../lib/gcc/arm-none-eabi/12.3.1/thumb/v7-m/nofp\libg.a(libc_a-__call_atexit.o)
 .ARM.attributes
                0x00000551       0x2d d:/clion/arm gnu/12.3 rel1/bin/../lib/gcc/arm-none-eabi/12.3.1/thumb/v7-m/nofp\libg.a(libc_a-atexit.o)
 .ARM.attributes
                0x0000057e       0x2d d:/clion/arm gnu/12.3 rel1/bin/../lib/gcc/arm-none-eabi/12.3.1/thumb/v7-m/nofp\libg.a(libc_a-fini.o)
 .ARM.attributes
                0x000005ab       0x2d d:/clion/arm gnu/12.3 rel1/bin/../lib/gcc/arm-none-eabi/12.3.1/thumb/v7-m/nofp\libg.a(libc_a-__atexit.o)
 .ARM.attributes
                0x000005d8       0x2d d:/clion/arm gnu/12.3 rel1/bin/../lib/gcc/arm-none-eabi/12.3.1/thumb/v7-m/nofp/crtend.o
 .ARM.attributes
                0x00000605       0x1d d:/clion/arm gnu/12.3 rel1/bin/../lib/gcc/arm-none-eabi/12.3.1/thumb/v7-m/nofp/crtn.o
 .ARM.attributes
                0x00000622       0x2d d:/clion/arm gnu/12.3 rel1/bin/../lib/gcc/arm-none-eabi/12.3.1/thumb/v7-m/nofp\libm.a(libm_a-w_atan2.o)
 .ARM.attributes
                0x0000064f       0x2d d:/clion/arm gnu/12.3 rel1/bin/../lib/gcc/arm-none-eabi/12.3.1/thumb/v7-m/nofp\libm.a(libm_a-w_sqrt.o)
 .ARM.attributes
                0x0000067c       0x2d d:/clion/arm gnu/12.3 rel1/bin/../lib/gcc/arm-none-eabi/12.3.1/thumb/v7-m/nofp\libm.a(libm_a-s_atan.o)
 .ARM.attributes
                0x000006a9       0x2d d:/clion/arm gnu/12.3 rel1/bin/../lib/gcc/arm-none-eabi/12.3.1/thumb/v7-m/nofp\libm.a(libm_a-s_fabs.o)
 .ARM.attributes
                0x000006d6       0x2d d:/clion/arm gnu/12.3 rel1/bin/../lib/gcc/arm-none-eabi/12.3.1/thumb/v7-m/nofp\libm.a(libm_a-e_sqrt.o)
 .ARM.attributes
                0x00000703       0x2d d:/clion/arm gnu/12.3 rel1/bin/../lib/gcc/arm-none-eabi/12.3.1/thumb/v7-m/nofp\libm.a(libm_a-e_atan2.o)
 .ARM.attributes
                0x00000730       0x1d d:/clion/arm gnu/12.3 rel1/bin/../lib/gcc/arm-none-eabi/12.3.1/thumb/v7-m/nofp\libgcc.a(_arm_unorddf2.o)
OUTPUT(5_17test.elf elf32-littlearm)
LOAD linker stubs
LOAD d:/clion/arm gnu/12.3 rel1/bin/../lib/gcc/arm-none-eabi/12.3.1/thumb/v7-m/nofp\libc.a
LOAD d:/clion/arm gnu/12.3 rel1/bin/../lib/gcc/arm-none-eabi/12.3.1/thumb/v7-m/nofp\libm.a
LOAD d:/clion/arm gnu/12.3 rel1/bin/../lib/gcc/arm-none-eabi/12.3.1/thumb/v7-m/nofp\libgcc.a

.debug_info     0x00000000    0x149c8
 .debug_info    0x00000000      0x37d CMakeFiles/5_17test.elf.dir/Core/Src/gpio.c.obj
 .debug_info    0x0000037d      0x9c7 CMakeFiles/5_17test.elf.dir/Core/Src/i2c.c.obj
 .debug_info    0x00000d44     0x1183 CMakeFiles/5_17test.elf.dir/Core/Src/main.c.obj
 .debug_info    0x00001ec7     0x106e CMakeFiles/5_17test.elf.dir/Core/Src/mpu6050.c.obj
 .debug_info    0x00002f35      0x1f4 CMakeFiles/5_17test.elf.dir/Core/Src/stm32f1xx_hal_msp.c.obj
 .debug_info    0x00003129      0x6b9 CMakeFiles/5_17test.elf.dir/Core/Src/stm32f1xx_it.c.obj
 .debug_info    0x000037e2      0x22d CMakeFiles/5_17test.elf.dir/Core/Src/system_stm32f1xx.c.obj
 .debug_info    0x00003a0f     0x13ca CMakeFiles/5_17test.elf.dir/Core/Src/tim.c.obj
 .debug_info    0x00004dd9      0x8a6 CMakeFiles/5_17test.elf.dir/Core/Src/usart.c.obj
 .debug_info    0x0000567f       0x30 CMakeFiles/5_17test.elf.dir/Core/Startup/startup_stm32f103c8tx.s.obj
 .debug_info    0x000056af      0x7a2 CMakeFiles/5_17test.elf.dir/Drivers/STM32F1xx_HAL_Driver/Src/stm32f1xx_hal.c.obj
 .debug_info    0x00005e51      0xcad CMakeFiles/5_17test.elf.dir/Drivers/STM32F1xx_HAL_Driver/Src/stm32f1xx_hal_cortex.c.obj
 .debug_info    0x00006afe      0x604 CMakeFiles/5_17test.elf.dir/Drivers/STM32F1xx_HAL_Driver/Src/stm32f1xx_hal_gpio.c.obj
 .debug_info    0x00007102     0x38b7 CMakeFiles/5_17test.elf.dir/Drivers/STM32F1xx_HAL_Driver/Src/stm32f1xx_hal_i2c.c.obj
 .debug_info    0x0000a9b9      0x9c7 CMakeFiles/5_17test.elf.dir/Drivers/STM32F1xx_HAL_Driver/Src/stm32f1xx_hal_rcc.c.obj
 .debug_info    0x0000b380     0x3b74 CMakeFiles/5_17test.elf.dir/Drivers/STM32F1xx_HAL_Driver/Src/stm32f1xx_hal_tim.c.obj
 .debug_info    0x0000eef4     0x1a88 CMakeFiles/5_17test.elf.dir/Drivers/STM32F1xx_HAL_Driver/Src/stm32f1xx_hal_tim_ex.c.obj
 .debug_info    0x0001097c     0x404c CMakeFiles/5_17test.elf.dir/Drivers/STM32F1xx_HAL_Driver/Src/stm32f1xx_hal_uart.c.obj

.debug_abbrev   0x00000000     0x267c
 .debug_abbrev  0x00000000      0x151 CMakeFiles/5_17test.elf.dir/Core/Src/gpio.c.obj
 .debug_abbrev  0x00000151      0x225 CMakeFiles/5_17test.elf.dir/Core/Src/i2c.c.obj
 .debug_abbrev  0x00000376      0x2dd CMakeFiles/5_17test.elf.dir/Core/Src/main.c.obj
 .debug_abbrev  0x00000653      0x275 CMakeFiles/5_17test.elf.dir/Core/Src/mpu6050.c.obj
 .debug_abbrev  0x000008c8       0xed CMakeFiles/5_17test.elf.dir/Core/Src/stm32f1xx_hal_msp.c.obj
 .debug_abbrev  0x000009b5      0x19a CMakeFiles/5_17test.elf.dir/Core/Src/stm32f1xx_it.c.obj
 .debug_abbrev  0x00000b4f      0x143 CMakeFiles/5_17test.elf.dir/Core/Src/system_stm32f1xx.c.obj
 .debug_abbrev  0x00000c92      0x2b4 CMakeFiles/5_17test.elf.dir/Core/Src/tim.c.obj
 .debug_abbrev  0x00000f46      0x229 CMakeFiles/5_17test.elf.dir/Core/Src/usart.c.obj
 .debug_abbrev  0x0000116f       0x24 CMakeFiles/5_17test.elf.dir/Core/Startup/startup_stm32f103c8tx.s.obj
 .debug_abbrev  0x00001193      0x22d CMakeFiles/5_17test.elf.dir/Drivers/STM32F1xx_HAL_Driver/Src/stm32f1xx_hal.c.obj
 .debug_abbrev  0x000013c0      0x36d CMakeFiles/5_17test.elf.dir/Drivers/STM32F1xx_HAL_Driver/Src/stm32f1xx_hal_cortex.c.obj
 .debug_abbrev  0x0000172d      0x1f7 CMakeFiles/5_17test.elf.dir/Drivers/STM32F1xx_HAL_Driver/Src/stm32f1xx_hal_gpio.c.obj
 .debug_abbrev  0x00001924      0x2be CMakeFiles/5_17test.elf.dir/Drivers/STM32F1xx_HAL_Driver/Src/stm32f1xx_hal_i2c.c.obj
 .debug_abbrev  0x00001be2      0x2a0 CMakeFiles/5_17test.elf.dir/Drivers/STM32F1xx_HAL_Driver/Src/stm32f1xx_hal_rcc.c.obj
 .debug_abbrev  0x00001e82      0x270 CMakeFiles/5_17test.elf.dir/Drivers/STM32F1xx_HAL_Driver/Src/stm32f1xx_hal_tim.c.obj
 .debug_abbrev  0x000020f2      0x26e CMakeFiles/5_17test.elf.dir/Drivers/STM32F1xx_HAL_Driver/Src/stm32f1xx_hal_tim_ex.c.obj
 .debug_abbrev  0x00002360      0x31c CMakeFiles/5_17test.elf.dir/Drivers/STM32F1xx_HAL_Driver/Src/stm32f1xx_hal_uart.c.obj

.debug_aranges  0x00000000      0xeb0
 .debug_aranges
                0x00000000       0x20 CMakeFiles/5_17test.elf.dir/Core/Src/gpio.c.obj
 .debug_aranges
                0x00000020       0x38 CMakeFiles/5_17test.elf.dir/Core/Src/i2c.c.obj
 .debug_aranges
                0x00000058       0x38 CMakeFiles/5_17test.elf.dir/Core/Src/main.c.obj
 .debug_aranges
                0x00000090       0x48 CMakeFiles/5_17test.elf.dir/Core/Src/mpu6050.c.obj
 .debug_aranges
                0x000000d8       0x20 CMakeFiles/5_17test.elf.dir/Core/Src/stm32f1xx_hal_msp.c.obj
 .debug_aranges
                0x000000f8       0x68 CMakeFiles/5_17test.elf.dir/Core/Src/stm32f1xx_it.c.obj
 .debug_aranges
                0x00000160       0x28 CMakeFiles/5_17test.elf.dir/Core/Src/system_stm32f1xx.c.obj
 .debug_aranges
                0x00000188       0x60 CMakeFiles/5_17test.elf.dir/Core/Src/tim.c.obj
 .debug_aranges
                0x000001e8       0x30 CMakeFiles/5_17test.elf.dir/Core/Src/usart.c.obj
 .debug_aranges
                0x00000218       0x28 CMakeFiles/5_17test.elf.dir/Core/Startup/startup_stm32f103c8tx.s.obj
 .debug_aranges
                0x00000240       0xe0 CMakeFiles/5_17test.elf.dir/Drivers/STM32F1xx_HAL_Driver/Src/stm32f1xx_hal.c.obj
 .debug_aranges
                0x00000320       0xc0 CMakeFiles/5_17test.elf.dir/Drivers/STM32F1xx_HAL_Driver/Src/stm32f1xx_hal_cortex.c.obj
 .debug_aranges
                0x000003e0       0x58 CMakeFiles/5_17test.elf.dir/Drivers/STM32F1xx_HAL_Driver/Src/stm32f1xx_hal_gpio.c.obj
 .debug_aranges
                0x00000438      0x2a8 CMakeFiles/5_17test.elf.dir/Drivers/STM32F1xx_HAL_Driver/Src/stm32f1xx_hal_i2c.c.obj
 .debug_aranges
                0x000006e0       0x90 CMakeFiles/5_17test.elf.dir/Drivers/STM32F1xx_HAL_Driver/Src/stm32f1xx_hal_rcc.c.obj
 .debug_aranges
                0x00000770      0x3d0 CMakeFiles/5_17test.elf.dir/Drivers/STM32F1xx_HAL_Driver/Src/stm32f1xx_hal_tim.c.obj
 .debug_aranges
                0x00000b40      0x168 CMakeFiles/5_17test.elf.dir/Drivers/STM32F1xx_HAL_Driver/Src/stm32f1xx_hal_tim_ex.c.obj
 .debug_aranges
                0x00000ca8      0x208 CMakeFiles/5_17test.elf.dir/Drivers/STM32F1xx_HAL_Driver/Src/stm32f1xx_hal_uart.c.obj

.debug_rnglists
                0x00000000      0xb63
 .debug_rnglists
                0x00000000       0x14 CMakeFiles/5_17test.elf.dir/Core/Src/gpio.c.obj
 .debug_rnglists
                0x00000014       0x26 CMakeFiles/5_17test.elf.dir/Core/Src/i2c.c.obj
 .debug_rnglists
                0x0000003a       0x26 CMakeFiles/5_17test.elf.dir/Core/Src/main.c.obj
 .debug_rnglists
                0x00000060       0x36 CMakeFiles/5_17test.elf.dir/Core/Src/mpu6050.c.obj
 .debug_rnglists
                0x00000096       0x13 CMakeFiles/5_17test.elf.dir/Core/Src/stm32f1xx_hal_msp.c.obj
 .debug_rnglists
                0x000000a9       0x49 CMakeFiles/5_17test.elf.dir/Core/Src/stm32f1xx_it.c.obj
 .debug_rnglists
                0x000000f2       0x1a CMakeFiles/5_17test.elf.dir/Core/Src/system_stm32f1xx.c.obj
 .debug_rnglists
                0x0000010c       0x45 CMakeFiles/5_17test.elf.dir/Core/Src/tim.c.obj
 .debug_rnglists
                0x00000151       0x20 CMakeFiles/5_17test.elf.dir/Core/Src/usart.c.obj
 .debug_rnglists
                0x00000171       0x19 CMakeFiles/5_17test.elf.dir/Core/Startup/startup_stm32f103c8tx.s.obj
 .debug_rnglists
                0x0000018a       0xa3 CMakeFiles/5_17test.elf.dir/Drivers/STM32F1xx_HAL_Driver/Src/stm32f1xx_hal.c.obj
 .debug_rnglists
                0x0000022d       0x8b CMakeFiles/5_17test.elf.dir/Drivers/STM32F1xx_HAL_Driver/Src/stm32f1xx_hal_cortex.c.obj
 .debug_rnglists
                0x000002b8       0x3f CMakeFiles/5_17test.elf.dir/Drivers/STM32F1xx_HAL_Driver/Src/stm32f1xx_hal_gpio.c.obj
 .debug_rnglists
                0x000002f7      0x236 CMakeFiles/5_17test.elf.dir/Drivers/STM32F1xx_HAL_Driver/Src/stm32f1xx_hal_i2c.c.obj
 .debug_rnglists
                0x0000052d       0x7d CMakeFiles/5_17test.elf.dir/Drivers/STM32F1xx_HAL_Driver/Src/stm32f1xx_hal_rcc.c.obj
 .debug_rnglists
                0x000005aa      0x2fe CMakeFiles/5_17test.elf.dir/Drivers/STM32F1xx_HAL_Driver/Src/stm32f1xx_hal_tim.c.obj
 .debug_rnglists
                0x000008a8      0x11a CMakeFiles/5_17test.elf.dir/Drivers/STM32F1xx_HAL_Driver/Src/stm32f1xx_hal_tim_ex.c.obj
 .debug_rnglists
                0x000009c2      0x1a1 CMakeFiles/5_17test.elf.dir/Drivers/STM32F1xx_HAL_Driver/Src/stm32f1xx_hal_uart.c.obj

.debug_line     0x00000000    0x14297
 .debug_line    0x00000000      0x246 CMakeFiles/5_17test.elf.dir/Core/Src/gpio.c.obj
 .debug_line    0x00000246      0x3fd CMakeFiles/5_17test.elf.dir/Core/Src/i2c.c.obj
 .debug_line    0x00000643      0x4d7 CMakeFiles/5_17test.elf.dir/Core/Src/main.c.obj
 .debug_line    0x00000b1a      0x665 CMakeFiles/5_17test.elf.dir/Core/Src/mpu6050.c.obj
 .debug_line    0x0000117f      0x183 CMakeFiles/5_17test.elf.dir/Core/Src/stm32f1xx_hal_msp.c.obj
 .debug_line    0x00001302      0x31a CMakeFiles/5_17test.elf.dir/Core/Src/stm32f1xx_it.c.obj
 .debug_line    0x0000161c      0x24c CMakeFiles/5_17test.elf.dir/Core/Src/system_stm32f1xx.c.obj
 .debug_line    0x00001868      0x779 CMakeFiles/5_17test.elf.dir/Core/Src/tim.c.obj
 .debug_line    0x00001fe1      0x354 CMakeFiles/5_17test.elf.dir/Core/Src/usart.c.obj
 .debug_line    0x00002335       0x78 CMakeFiles/5_17test.elf.dir/Core/Startup/startup_stm32f103c8tx.s.obj
 .debug_line    0x000023ad      0x586 CMakeFiles/5_17test.elf.dir/Drivers/STM32F1xx_HAL_Driver/Src/stm32f1xx_hal.c.obj
 .debug_line    0x00002933      0x700 CMakeFiles/5_17test.elf.dir/Drivers/STM32F1xx_HAL_Driver/Src/stm32f1xx_hal_cortex.c.obj
 .debug_line    0x00003033      0x5da CMakeFiles/5_17test.elf.dir/Drivers/STM32F1xx_HAL_Driver/Src/stm32f1xx_hal_gpio.c.obj
 .debug_line    0x0000360d     0x568a CMakeFiles/5_17test.elf.dir/Drivers/STM32F1xx_HAL_Driver/Src/stm32f1xx_hal_i2c.c.obj
 .debug_line    0x00008c97      0xc45 CMakeFiles/5_17test.elf.dir/Drivers/STM32F1xx_HAL_Driver/Src/stm32f1xx_hal_rcc.c.obj
 .debug_line    0x000098dc     0x4936 CMakeFiles/5_17test.elf.dir/Drivers/STM32F1xx_HAL_Driver/Src/stm32f1xx_hal_tim.c.obj
 .debug_line    0x0000e212     0x1c81 CMakeFiles/5_17test.elf.dir/Drivers/STM32F1xx_HAL_Driver/Src/stm32f1xx_hal_tim_ex.c.obj
 .debug_line    0x0000fe93     0x4404 CMakeFiles/5_17test.elf.dir/Drivers/STM32F1xx_HAL_Driver/Src/stm32f1xx_hal_uart.c.obj

.debug_str      0x00000000     0x4613
 .debug_str     0x00000000      0x27a CMakeFiles/5_17test.elf.dir/Core/Src/gpio.c.obj
                                0x2cb (size before relaxing)
 .debug_str     0x0000027a      0x527 CMakeFiles/5_17test.elf.dir/Core/Src/i2c.c.obj
                                0x7c7 (size before relaxing)
 .debug_str     0x000007a1      0x683 CMakeFiles/5_17test.elf.dir/Core/Src/main.c.obj
                                0xdaf (size before relaxing)
 .debug_str     0x00000e24      0x1e4 CMakeFiles/5_17test.elf.dir/Core/Src/mpu6050.c.obj
                                0x934 (size before relaxing)
 .debug_str     0x00001008       0x52 CMakeFiles/5_17test.elf.dir/Core/Src/stm32f1xx_hal_msp.c.obj
                                0x25f (size before relaxing)
 .debug_str     0x0000105a      0x106 CMakeFiles/5_17test.elf.dir/Core/Src/stm32f1xx_it.c.obj
                                0x753 (size before relaxing)
 .debug_str     0x00001160       0xa4 CMakeFiles/5_17test.elf.dir/Core/Src/system_stm32f1xx.c.obj
                                0x294 (size before relaxing)
 .debug_str     0x00001204      0x73d CMakeFiles/5_17test.elf.dir/Core/Src/tim.c.obj
                                0xf3c (size before relaxing)
 .debug_str     0x00001941      0x24e CMakeFiles/5_17test.elf.dir/Core/Src/usart.c.obj
                                0x740 (size before relaxing)
 .debug_str     0x00001b8f       0x6a CMakeFiles/5_17test.elf.dir/Core/Startup/startup_stm32f103c8tx.s.obj
                                 0xa5 (size before relaxing)
 .debug_str     0x00001bf9      0x30c CMakeFiles/5_17test.elf.dir/Drivers/STM32F1xx_HAL_Driver/Src/stm32f1xx_hal.c.obj
                                0x86e (size before relaxing)
 .debug_str     0x00001f05      0x3ba CMakeFiles/5_17test.elf.dir/Drivers/STM32F1xx_HAL_Driver/Src/stm32f1xx_hal_cortex.c.obj
                                0x913 (size before relaxing)
 .debug_str     0x000022bf      0x12d CMakeFiles/5_17test.elf.dir/Drivers/STM32F1xx_HAL_Driver/Src/stm32f1xx_hal_gpio.c.obj
                                0x440 (size before relaxing)
 .debug_str     0x000023ec      0x905 CMakeFiles/5_17test.elf.dir/Drivers/STM32F1xx_HAL_Driver/Src/stm32f1xx_hal_i2c.c.obj
                               0x1005 (size before relaxing)
 .debug_str     0x00002cf1      0x1fa CMakeFiles/5_17test.elf.dir/Drivers/STM32F1xx_HAL_Driver/Src/stm32f1xx_hal_rcc.c.obj
                                0x66b (size before relaxing)
 .debug_str     0x00002eeb      0xc73 CMakeFiles/5_17test.elf.dir/Drivers/STM32F1xx_HAL_Driver/Src/stm32f1xx_hal_tim.c.obj
                               0x16b5 (size before relaxing)
 .debug_str     0x00003b5e      0x462 CMakeFiles/5_17test.elf.dir/Drivers/STM32F1xx_HAL_Driver/Src/stm32f1xx_hal_tim_ex.c.obj
                                0xed1 (size before relaxing)
 .debug_str     0x00003fc0      0x653 CMakeFiles/5_17test.elf.dir/Drivers/STM32F1xx_HAL_Driver/Src/stm32f1xx_hal_uart.c.obj
                                0xd34 (size before relaxing)

.comment        0x00000000       0x45
 .comment       0x00000000       0x45 CMakeFiles/5_17test.elf.dir/Core/Src/gpio.c.obj
                                 0x46 (size before relaxing)
 .comment       0x00000045       0x46 CMakeFiles/5_17test.elf.dir/Core/Src/i2c.c.obj
 .comment       0x00000045       0x46 CMakeFiles/5_17test.elf.dir/Core/Src/main.c.obj
 .comment       0x00000045       0x46 CMakeFiles/5_17test.elf.dir/Core/Src/mpu6050.c.obj
 .comment       0x00000045       0x46 CMakeFiles/5_17test.elf.dir/Core/Src/stm32f1xx_hal_msp.c.obj
 .comment       0x00000045       0x46 CMakeFiles/5_17test.elf.dir/Core/Src/stm32f1xx_it.c.obj
 .comment       0x00000045       0x46 CMakeFiles/5_17test.elf.dir/Core/Src/system_stm32f1xx.c.obj
 .comment       0x00000045       0x46 CMakeFiles/5_17test.elf.dir/Core/Src/tim.c.obj
 .comment       0x00000045       0x46 CMakeFiles/5_17test.elf.dir/Core/Src/usart.c.obj
 .comment       0x00000045       0x46 CMakeFiles/5_17test.elf.dir/Drivers/STM32F1xx_HAL_Driver/Src/stm32f1xx_hal.c.obj
 .comment       0x00000045       0x46 CMakeFiles/5_17test.elf.dir/Drivers/STM32F1xx_HAL_Driver/Src/stm32f1xx_hal_cortex.c.obj
 .comment       0x00000045       0x46 CMakeFiles/5_17test.elf.dir/Drivers/STM32F1xx_HAL_Driver/Src/stm32f1xx_hal_gpio.c.obj
 .comment       0x00000045       0x46 CMakeFiles/5_17test.elf.dir/Drivers/STM32F1xx_HAL_Driver/Src/stm32f1xx_hal_i2c.c.obj
 .comment       0x00000045       0x46 CMakeFiles/5_17test.elf.dir/Drivers/STM32F1xx_HAL_Driver/Src/stm32f1xx_hal_rcc.c.obj
 .comment       0x00000045       0x46 CMakeFiles/5_17test.elf.dir/Drivers/STM32F1xx_HAL_Driver/Src/stm32f1xx_hal_tim.c.obj
 .comment       0x00000045       0x46 CMakeFiles/5_17test.elf.dir/Drivers/STM32F1xx_HAL_Driver/Src/stm32f1xx_hal_tim_ex.c.obj
 .comment       0x00000045       0x46 CMakeFiles/5_17test.elf.dir/Drivers/STM32F1xx_HAL_Driver/Src/stm32f1xx_hal_uart.c.obj

.debug_frame    0x00000000     0x2ff4
 .debug_frame   0x00000000       0x38 CMakeFiles/5_17test.elf.dir/Core/Src/gpio.c.obj
 .debug_frame   0x00000038       0x78 CMakeFiles/5_17test.elf.dir/Core/Src/i2c.c.obj
 .debug_frame   0x000000b0       0x6c CMakeFiles/5_17test.elf.dir/Core/Src/main.c.obj
 .debug_frame   0x0000011c       0xfc CMakeFiles/5_17test.elf.dir/Core/Src/mpu6050.c.obj
 .debug_frame   0x00000218       0x28 CMakeFiles/5_17test.elf.dir/Core/Src/stm32f1xx_hal_msp.c.obj
 .debug_frame   0x00000240       0xc0 CMakeFiles/5_17test.elf.dir/Core/Src/stm32f1xx_it.c.obj
 .debug_frame   0x00000300       0x30 CMakeFiles/5_17test.elf.dir/Core/Src/system_stm32f1xx.c.obj
 .debug_frame   0x00000330      0x124 CMakeFiles/5_17test.elf.dir/Core/Src/tim.c.obj
 .debug_frame   0x00000454       0x60 CMakeFiles/5_17test.elf.dir/Core/Src/usart.c.obj
 .debug_frame   0x000004b4      0x1cc CMakeFiles/5_17test.elf.dir/Drivers/STM32F1xx_HAL_Driver/Src/stm32f1xx_hal.c.obj
 .debug_frame   0x00000680      0x19c CMakeFiles/5_17test.elf.dir/Drivers/STM32F1xx_HAL_Driver/Src/stm32f1xx_hal_cortex.c.obj
 .debug_frame   0x0000081c       0xe4 CMakeFiles/5_17test.elf.dir/Drivers/STM32F1xx_HAL_Driver/Src/stm32f1xx_hal_gpio.c.obj
 .debug_frame   0x00000900      0x984 CMakeFiles/5_17test.elf.dir/Drivers/STM32F1xx_HAL_Driver/Src/stm32f1xx_hal_i2c.c.obj
 .debug_frame   0x00001284      0x184 CMakeFiles/5_17test.elf.dir/Drivers/STM32F1xx_HAL_Driver/Src/stm32f1xx_hal_rcc.c.obj
 .debug_frame   0x00001408      0xb14 CMakeFiles/5_17test.elf.dir/Drivers/STM32F1xx_HAL_Driver/Src/stm32f1xx_hal_tim.c.obj
 .debug_frame   0x00001f1c      0x40c CMakeFiles/5_17test.elf.dir/Drivers/STM32F1xx_HAL_Driver/Src/stm32f1xx_hal_tim_ex.c.obj
 .debug_frame   0x00002328      0x5d4 CMakeFiles/5_17test.elf.dir/Drivers/STM32F1xx_HAL_Driver/Src/stm32f1xx_hal_uart.c.obj
 .debug_frame   0x000028fc       0xac d:/clion/arm gnu/12.3 rel1/bin/../lib/gcc/arm-none-eabi/12.3.1/thumb/v7-m/nofp\libgcc.a(_arm_addsubdf3.o)
 .debug_frame   0x000029a8       0x50 d:/clion/arm gnu/12.3 rel1/bin/../lib/gcc/arm-none-eabi/12.3.1/thumb/v7-m/nofp\libgcc.a(_arm_muldivdf3.o)
 .debug_frame   0x000029f8       0xc4 d:/clion/arm gnu/12.3 rel1/bin/../lib/gcc/arm-none-eabi/12.3.1/thumb/v7-m/nofp\libgcc.a(_arm_cmpdf2.o)
 .debug_frame   0x00002abc       0x24 d:/clion/arm gnu/12.3 rel1/bin/../lib/gcc/arm-none-eabi/12.3.1/thumb/v7-m/nofp\libgcc.a(_arm_fixdfsi.o)
 .debug_frame   0x00002ae0       0x4c d:/clion/arm gnu/12.3 rel1/bin/../lib/gcc/arm-none-eabi/12.3.1/thumb/v7-m/nofp\libgcc.a(_arm_addsubsf3.o)
 .debug_frame   0x00002b2c       0x38 d:/clion/arm gnu/12.3 rel1/bin/../lib/gcc/arm-none-eabi/12.3.1/thumb/v7-m/nofp\libgcc.a(_arm_muldivsf3.o)
 .debug_frame   0x00002b64      0x13c d:/clion/arm gnu/12.3 rel1/bin/../lib/gcc/arm-none-eabi/12.3.1/thumb/v7-m/nofp\libg.a(libc_a-findfp.o)
 .debug_frame   0x00002ca0       0x2c d:/clion/arm gnu/12.3 rel1/bin/../lib/gcc/arm-none-eabi/12.3.1/thumb/v7-m/nofp\libg.a(libc_a-memset.o)
 .debug_frame   0x00002ccc       0x20 d:/clion/arm gnu/12.3 rel1/bin/../lib/gcc/arm-none-eabi/12.3.1/thumb/v7-m/nofp\libg.a(libc_a-errno.o)
 .debug_frame   0x00002cec       0x2c d:/clion/arm gnu/12.3 rel1/bin/../lib/gcc/arm-none-eabi/12.3.1/thumb/v7-m/nofp\libg.a(libc_a-init.o)
 .debug_frame   0x00002d18       0xb0 d:/clion/arm gnu/12.3 rel1/bin/../lib/gcc/arm-none-eabi/12.3.1/thumb/v7-m/nofp\libg.a(libc_a-lock.o)
 .debug_frame   0x00002dc8       0x5c d:/clion/arm gnu/12.3 rel1/bin/../lib/gcc/arm-none-eabi/12.3.1/thumb/v7-m/nofp\libg.a(libc_a-__call_atexit.o)
 .debug_frame   0x00002e24       0x20 d:/clion/arm gnu/12.3 rel1/bin/../lib/gcc/arm-none-eabi/12.3.1/thumb/v7-m/nofp\libg.a(libc_a-atexit.o)
 .debug_frame   0x00002e44       0x34 d:/clion/arm gnu/12.3 rel1/bin/../lib/gcc/arm-none-eabi/12.3.1/thumb/v7-m/nofp\libg.a(libc_a-fini.o)
 .debug_frame   0x00002e78       0x34 d:/clion/arm gnu/12.3 rel1/bin/../lib/gcc/arm-none-eabi/12.3.1/thumb/v7-m/nofp\libg.a(libc_a-__atexit.o)
 .debug_frame   0x00002eac       0x20 d:/clion/arm gnu/12.3 rel1/bin/../lib/gcc/arm-none-eabi/12.3.1/thumb/v7-m/nofp\libm.a(libm_a-w_atan2.o)
 .debug_frame   0x00002ecc       0x30 d:/clion/arm gnu/12.3 rel1/bin/../lib/gcc/arm-none-eabi/12.3.1/thumb/v7-m/nofp\libm.a(libm_a-w_sqrt.o)
 .debug_frame   0x00002efc       0x38 d:/clion/arm gnu/12.3 rel1/bin/../lib/gcc/arm-none-eabi/12.3.1/thumb/v7-m/nofp\libm.a(libm_a-s_atan.o)
 .debug_frame   0x00002f34       0x20 d:/clion/arm gnu/12.3 rel1/bin/../lib/gcc/arm-none-eabi/12.3.1/thumb/v7-m/nofp\libm.a(libm_a-s_fabs.o)
 .debug_frame   0x00002f54       0x38 d:/clion/arm gnu/12.3 rel1/bin/../lib/gcc/arm-none-eabi/12.3.1/thumb/v7-m/nofp\libm.a(libm_a-e_sqrt.o)
 .debug_frame   0x00002f8c       0x48 d:/clion/arm gnu/12.3 rel1/bin/../lib/gcc/arm-none-eabi/12.3.1/thumb/v7-m/nofp\libm.a(libm_a-e_atan2.o)
 .debug_frame   0x00002fd4       0x20 d:/clion/arm gnu/12.3 rel1/bin/../lib/gcc/arm-none-eabi/12.3.1/thumb/v7-m/nofp\libgcc.a(_arm_unorddf2.o)

.debug_loclists
                0x00000000     0xacdf
 .debug_loclists
                0x00000000       0xaa CMakeFiles/5_17test.elf.dir/Core/Src/i2c.c.obj
 .debug_loclists
                0x000000aa      0x224 CMakeFiles/5_17test.elf.dir/Core/Src/mpu6050.c.obj
 .debug_loclists
                0x000002ce       0x17 CMakeFiles/5_17test.elf.dir/Core/Src/stm32f1xx_hal_msp.c.obj
 .debug_loclists
                0x000002e5       0xa5 CMakeFiles/5_17test.elf.dir/Core/Src/system_stm32f1xx.c.obj
 .debug_loclists
                0x0000038a      0x11a CMakeFiles/5_17test.elf.dir/Core/Src/tim.c.obj
 .debug_loclists
                0x000004a4       0x7e CMakeFiles/5_17test.elf.dir/Core/Src/usart.c.obj
 .debug_loclists
                0x00000522       0xc9 CMakeFiles/5_17test.elf.dir/Drivers/STM32F1xx_HAL_Driver/Src/stm32f1xx_hal.c.obj
 .debug_loclists
                0x000005eb      0x422 CMakeFiles/5_17test.elf.dir/Drivers/STM32F1xx_HAL_Driver/Src/stm32f1xx_hal_cortex.c.obj
 .debug_loclists
                0x00000a0d      0x2e8 CMakeFiles/5_17test.elf.dir/Drivers/STM32F1xx_HAL_Driver/Src/stm32f1xx_hal_gpio.c.obj
 .debug_loclists
                0x00000cf5     0x2b7b CMakeFiles/5_17test.elf.dir/Drivers/STM32F1xx_HAL_Driver/Src/stm32f1xx_hal_i2c.c.obj
 .debug_loclists
                0x00003870      0x3f8 CMakeFiles/5_17test.elf.dir/Drivers/STM32F1xx_HAL_Driver/Src/stm32f1xx_hal_rcc.c.obj
 .debug_loclists
                0x00003c68     0x3332 CMakeFiles/5_17test.elf.dir/Drivers/STM32F1xx_HAL_Driver/Src/stm32f1xx_hal_tim.c.obj
 .debug_loclists
                0x00006f9a     0x124c CMakeFiles/5_17test.elf.dir/Drivers/STM32F1xx_HAL_Driver/Src/stm32f1xx_hal_tim_ex.c.obj
 .debug_loclists
                0x000081e6     0x2af9 CMakeFiles/5_17test.elf.dir/Drivers/STM32F1xx_HAL_Driver/Src/stm32f1xx_hal_uart.c.obj

.debug_line_str
                0x00000000      0x160
 .debug_line_str
                0x00000000       0x89 CMakeFiles/5_17test.elf.dir/Core/Startup/startup_stm32f103c8tx.s.obj
 .debug_line_str
                0x00000089       0xca d:/clion/arm gnu/12.3 rel1/bin/../lib/gcc/arm-none-eabi/12.3.1/thumb/v7-m/nofp\libgcc.a(_arm_addsubdf3.o)
 .debug_line_str
                0x00000153       0xca d:/clion/arm gnu/12.3 rel1/bin/../lib/gcc/arm-none-eabi/12.3.1/thumb/v7-m/nofp\libgcc.a(_arm_muldivdf3.o)
 .debug_line_str
                0x00000153       0xca d:/clion/arm gnu/12.3 rel1/bin/../lib/gcc/arm-none-eabi/12.3.1/thumb/v7-m/nofp\libgcc.a(_arm_cmpdf2.o)
 .debug_line_str
                0x00000153       0xca d:/clion/arm gnu/12.3 rel1/bin/../lib/gcc/arm-none-eabi/12.3.1/thumb/v7-m/nofp\libgcc.a(_arm_fixdfsi.o)
 .debug_line_str
                0x00000153        0xd d:/clion/arm gnu/12.3 rel1/bin/../lib/gcc/arm-none-eabi/12.3.1/thumb/v7-m/nofp\libgcc.a(_arm_addsubsf3.o)
                                 0xca (size before relaxing)
 .debug_line_str
                0x00000160       0xca d:/clion/arm gnu/12.3 rel1/bin/../lib/gcc/arm-none-eabi/12.3.1/thumb/v7-m/nofp\libgcc.a(_arm_muldivsf3.o)
 .debug_line_str
                0x00000160       0xca d:/clion/arm gnu/12.3 rel1/bin/../lib/gcc/arm-none-eabi/12.3.1/thumb/v7-m/nofp\libgcc.a(_arm_unorddf2.o)
